Component: Arm Compiler for Embedded 6.19 Tool: armlink [5e73cb00]

==============================================================================

Section Cross References

    main.o(.ARM.exidx.text.send_string_via_usart) refers to main.o(.text.send_string_via_usart) for [Anonymous Symbol]
    main.o(.text.main) refers to main.o(.rodata.str1.1) for .L.str
    main.o(.text.main) refers to sensor_adc_driver.o(.text.ADC_Init) for ADC_Init
    main.o(.text.main) refers to usart2_driver.o(.text.USART2_Init) for USART2_Init
    main.o(.text.main) refers to main.o(.text.send_string_via_usart) for send_string_via_usart
    main.o(.text.main) refers to sensor_adc_driver.o(.bss.adc_result) for adc_result
    main.o(.text.main) refers to fflt_clz.o(x$fpl$ffltu) for __aeabi_ui2f
    main.o(.text.main) refers to main.o(.bss.voltage_raw) for voltage_raw
    main.o(.text.main) refers to f2d.o(x$fpl$f2d) for __aeabi_f2d
    main.o(.text.main) refers to dmul.o(x$fpl$dmul) for __aeabi_dmul
    main.o(.text.main) refers to d2f.o(x$fpl$d2f) for __aeabi_d2f
    main.o(.text.main) refers to main.o(.bss.voltage) for voltage
    main.o(.text.main) refers to daddsub_clz.o(x$fpl$dadd) for __aeabi_dadd
    main.o(.text.main) refers to dfixu.o(x$fpl$dfixu) for __aeabi_d2uiz
    main.o(.text.main) refers to main.o(.bss.temperature_C) for temperature_C
    main.o(.text.main) refers to main.o(.bss.tempC_buffer) for tempC_buffer
    main.o(.text.main) refers to sprintf.o(.text) for sprintf
    main.o(.ARM.exidx.text.main) refers to main.o(.text.main) for [Anonymous Symbol]
    startup_stm32l476xx.o(STACK) refers (Special) to heapauxi.o(.text) for __use_two_region_memory
    startup_stm32l476xx.o(HEAP) refers (Special) to heapauxi.o(.text) for __use_two_region_memory
    startup_stm32l476xx.o(RESET) refers (Special) to heapauxi.o(.text) for __use_two_region_memory
    startup_stm32l476xx.o(RESET) refers to startup_stm32l476xx.o(STACK) for __initial_sp
    startup_stm32l476xx.o(RESET) refers to startup_stm32l476xx.o(.text) for Reset_Handler
    startup_stm32l476xx.o(RESET) refers to sensor_adc_driver.o(.text.ADC1_2_IRQHandler) for ADC1_2_IRQHandler
    startup_stm32l476xx.o(.text) refers (Special) to heapauxi.o(.text) for __use_two_region_memory
    startup_stm32l476xx.o(.text) refers to __main.o(!!!main) for __main
    startup_stm32l476xx.o(.text) refers to startup_stm32l476xx.o(HEAP) for Heap_Mem
    startup_stm32l476xx.o(.text) refers to startup_stm32l476xx.o(STACK) for Stack_Mem
    sensor_adc_driver.o(.ARM.exidx.text.ADC1_Wakeup) refers to sensor_adc_driver.o(.text.ADC1_Wakeup) for [Anonymous Symbol]
    sensor_adc_driver.o(.ARM.exidx.text.ADC_Common_Configuration) refers to sensor_adc_driver.o(.text.ADC_Common_Configuration) for [Anonymous Symbol]
    sensor_adc_driver.o(.ARM.exidx.text.ADC_Pin_Init) refers to sensor_adc_driver.o(.text.ADC_Pin_Init) for [Anonymous Symbol]
    sensor_adc_driver.o(.text.ADC_Init) refers to sensor_adc_driver.o(.text.ADC_Common_Configuration) for ADC_Common_Configuration
    sensor_adc_driver.o(.text.ADC_Init) refers to sensor_adc_driver.o(.text.ADC1_Wakeup) for ADC1_Wakeup
    sensor_adc_driver.o(.text.ADC_Init) refers to sensor_adc_driver.o(.text.ADC_Pin_Init) for ADC_Pin_Init
    sensor_adc_driver.o(.text.ADC_Init) refers to sensor_adc_driver.o(.text.__NVIC_EnableIRQ) for __NVIC_EnableIRQ
    sensor_adc_driver.o(.ARM.exidx.text.ADC_Init) refers to sensor_adc_driver.o(.text.ADC_Init) for [Anonymous Symbol]
    sensor_adc_driver.o(.ARM.exidx.text.__NVIC_EnableIRQ) refers to sensor_adc_driver.o(.text.__NVIC_EnableIRQ) for [Anonymous Symbol]
    sensor_adc_driver.o(.text.ADC1_2_IRQHandler) refers to sensor_adc_driver.o(.bss.adc_result) for adc_result
    sensor_adc_driver.o(.ARM.exidx.text.ADC1_2_IRQHandler) refers to sensor_adc_driver.o(.text.ADC1_2_IRQHandler) for [Anonymous Symbol]
    usart2_driver.o(.text.USART2_Init) refers to usart2_driver.o(.text.USART2_Pin_Init) for USART2_Pin_Init
    usart2_driver.o(.text.USART2_Init) refers to usart2_driver.o(.text.USART_Init) for USART_Init
    usart2_driver.o(.ARM.exidx.text.USART2_Init) refers to usart2_driver.o(.text.USART2_Init) for [Anonymous Symbol]
    usart2_driver.o(.ARM.exidx.text.USART2_Pin_Init) refers to usart2_driver.o(.text.USART2_Pin_Init) for [Anonymous Symbol]
    usart2_driver.o(.text.USART_Init) refers to usart2_driver.o(.text.__NVIC_EnableIRQ) for __NVIC_EnableIRQ
    usart2_driver.o(.ARM.exidx.text.USART_Init) refers to usart2_driver.o(.text.USART_Init) for [Anonymous Symbol]
    usart2_driver.o(.ARM.exidx.text.__NVIC_EnableIRQ) refers to usart2_driver.o(.text.__NVIC_EnableIRQ) for [Anonymous Symbol]
    sprintf.o(.text) refers (Special) to _printf_a.o(.ARM.Collect$$_printf_percent$$00000006) for _printf_a
    sprintf.o(.text) refers (Special) to _printf_c.o(.ARM.Collect$$_printf_percent$$00000013) for _printf_c
    sprintf.o(.text) refers (Special) to _printf_charcount.o(.text) for _printf_charcount
[...]
    ../clib/memcpset.s                       0x00000000   Number         0  strcmpv7em.o ABSOLUTE
    ../clib/misc.s                           0x00000000   Number         0  printf_stubs.o ABSOLUTE
    ../clib/printf.c                         0x00000000   Number         0  sprintf.o ABSOLUTE
    ../clib/printf.c                         0x00000000   Number         0  __printf.o ABSOLUTE
    ../clib/printf.c                         0x00000000   Number         0  _printf_pad.o ABSOLUTE
    ../clib/printf.c                         0x00000000   Number         0  _printf_truncate.o ABSOLUTE
    ../clib/printf.c                         0x00000000   Number         0  _printf_str.o ABSOLUTE
    ../clib/printf.c                         0x00000000   Number         0  _printf_dec.o ABSOLUTE
    ../clib/printf.c                         0x00000000   Number         0  _printf_charcount.o ABSOLUTE
    ../clib/printf.c                         0x00000000   Number         0  _printf_char_common.o ABSOLUTE
    ../clib/printf.c                         0x00000000   Number         0  _sputc.o ABSOLUTE
    ../clib/printf.c                         0x00000000   Number         0  _printf_wctomb.o ABSOLUTE
    ../clib/printf.c                         0x00000000   Number         0  _printf_longlong_dec.o ABSOLUTE
    ../clib/printf.c                         0x00000000   Number         0  _printf_oct_ll.o ABSOLUTE
    ../clib/printf.c                         0x00000000   Number         0  _printf_oct_int.o ABSOLUTE
    ../clib/printf.c                         0x00000000   Number         0  _printf_oct_int_ll.o ABSOLUTE
    ../clib/printf.c                         0x00000000   Number         0  _printf_hex_ll.o ABSOLUTE
    ../clib/printf.c                         0x00000000   Number         0  _printf_hex_int.o ABSOLUTE
    ../clib/printf.c                         0x00000000   Number         0  _printf_hex_int_ll.o ABSOLUTE
    ../clib/printf.c                         0x00000000   Number         0  _printf_hex_ptr.o ABSOLUTE
    ../clib/printf.c                         0x00000000   Number         0  _printf_hex_int_ptr.o ABSOLUTE
    ../clib/printf.c                         0x00000000   Number         0  _printf_hex_ll_ptr.o ABSOLUTE
    ../clib/printf.c                         0x00000000   Number         0  _printf_hex_int_ll_ptr.o ABSOLUTE
    ../clib/printf.c                         0x00000000   Number         0  __printf_flags.o ABSOLUTE
    ../clib/printf.c                         0x00000000   Number         0  __printf_ss.o ABSOLUTE
    ../clib/printf.c                         0x00000000   Number         0  __printf_flags_ss.o ABSOLUTE
    ../clib/printf.c                         0x00000000   Number         0  __printf_wp.o ABSOLUTE
    ../clib/printf.c                         0x00000000   Number         0  __printf_flags_wp.o ABSOLUTE
    ../clib/printf.c                         0x00000000   Number         0  __printf_ss_wp.o ABSOLUTE
    ../clib/printf.c                         0x00000000   Number         0  __printf_flags_ss_wp.o ABSOLUTE
    ../clib/printf.c                         0x00000000   Number         0  _printf_intcommon.o ABSOLUTE
    ../clib/printf.c                         0x00000000   Number         0  _printf_fp_dec.o ABSOLUTE
    ../clib/printf.c                         0x00000000   Number         0  _printf_fp_dec_accurate.o ABSOLUTE
    ../clib/printf.c                         0x00000000   Number         0  _printf_fp_hex.o ABSOLUTE
    ../clib/printf.c                         0x00000000   Number         0  __printf_nopercent.o ABSOLUTE
    ../clib/printf.c                         0x00000000   Number         0  _printf_char.o ABSOLUTE
    ../clib/printf.c                         0x00000000   Number         0  _printf_wchar.o ABSOLUTE
    ../clib/printf.c                         0x00000000   Number         0  _printf_fp_infnan.o ABSOLUTE
    ../clib/printf_percent.s                 0x00000000   Number         0  _printf_c.o ABSOLUTE
    ../clib/printf_percent.s                 0x00000000   Number         0  _printf_s.o ABSOLUTE
    ../clib/printf_percent.s                 0x00000000   Number         0  _printf_n.o ABSOLUTE
    ../clib/printf_percent.s                 0x00000000   Number         0  _printf_x.o ABSOLUTE
    ../clib/printf_percent.s                 0x00000000   Number         0  _printf_p.o ABSOLUTE
    ../clib/printf_percent.s                 0x00000000   Number         0  _printf_o.o ABSOLUTE
    ../clib/printf_percent.s                 0x00000000   Number         0  _printf_i.o ABSOLUTE
    ../clib/printf_percent.s                 0x00000000   Number         0  _printf_d.o ABSOLUTE
    ../clib/printf_percent.s                 0x00000000   Number         0  _printf_u.o ABSOLUTE
    ../clib/printf_percent.s                 0x00000000   Number         0  _printf_f.o ABSOLUTE
    ../clib/printf_percent.s                 0x00000000   Number         0  _printf_e.o ABSOLUTE
    ../clib/printf_percent.s                 0x00000000   Number         0  _printf_g.o ABSOLUTE
    ../clib/printf_percent.s                 0x00000000   Number         0  _printf_a.o ABSOLUTE
    ../clib/printf_percent.s                 0x00000000   Number         0  _printf_percent.o ABSOLUTE
    ../clib/printf_percent.s                 0x00000000   Number         0  _printf_lli.o ABSOLUTE
    ../clib/printf_percent.s                 0x00000000   Number         0  _printf_lld.o ABSOLUTE
    ../clib/printf_percent.s                 0x00000000   Number         0  _printf_llu.o ABSOLUTE
    ../clib/printf_percent.s                 0x00000000   Number         0  _printf_ll.o ABSOLUTE
    ../clib/printf_percent.s                 0x00000000   Number         0  _printf_l.o ABSOLUTE
    ../clib/printf_percent.s                 0x00000000   Number         0  _printf_lc.o ABSOLUTE
    ../clib/printf_percent.s                 0x00000000   Number         0  _printf_ls.o ABSOLUTE
    ../clib/printf_percent.s                 0x00000000   Number         0  _printf_llo.o ABSOLUTE
    ../clib/printf_percent.s                 0x00000000   Number         0  _printf_llx.o ABSOLUTE
    ../clib/printf_percent.s                 0x00000000   Number         0  _printf_percent_end.o ABSOLUTE
    ../clib/signal.c                         0x00000000   Number         0  defsig_rtmem_outer.o ABSOLUTE
    ../clib/signal.c                         0x00000000   Number         0  defsig_rtmem_formal.o ABSOLUTE
    ../clib/signal.c                         0x00000000   Number         0  defsig_exit.o ABSOLUTE
    ../clib/signal.c                         0x00000000   Number         0  defsig_rtmem_inner.o ABSOLUTE
    ../clib/signal.c                         0x00000000   Number         0  __raise.o ABSOLUTE
    ../clib/signal.c                         0x00000000   Number         0  defsig_general.o ABSOLUTE
    ../clib/signal.c                         0x00000000   Number         0  defsig_abrt_inner.o ABSOLUTE
    ../clib/signal.c                         0x00000000   Number         0  defsig_fpe_inner.o ABSOLUTE
    ../clib/signal.c                         0x00000000   Number         0  defsig_rtred_inner.o ABSOLUTE
    ../clib/signal.c                         0x00000000   Number         0  defsig_stak_inner.o ABSOLUTE
    ../clib/signal.c                         0x00000000   Number         0  defsig_pvfn_inner.o ABSOLUTE
    ../clib/signal.c                         0x00000000   Number         0  defsig_cppl_inner.o ABSOLUTE
    ../clib/signal.c                         0x00000000   Number         0  defsig_segv_inner.o ABSOLUTE
    ../clib/signal.c                         0x00000000   Number         0  defsig_other.o ABSOLUTE
    ../clib/signal.s                         0x00000000   Number         0  defsig.o ABSOLUTE
    ../clib/stdlib.c                         0x00000000   Number         0  exit.o ABSOLUTE
    ../fplib/d2f.s                           0x00000000   Number         0  d2f.o ABSOLUTE
    ../fplib/daddsub.s                       0x00000000   Number         0  daddsub_clz.o ABSOLUTE
    ../fplib/dfixu.s                         0x00000000   Number         0  dfixu.o ABSOLUTE
    ../fplib/dmul.s                          0x00000000   Number         0  dmul.o ABSOLUTE
    ../fplib/dnaninf.s                       0x00000000   Number         0  dnaninf.o ABSOLUTE
    ../fplib/dretinf.s                       0x00000000   Number         0  dretinf.o ABSOLUTE
    ../fplib/f2d.s                           0x00000000   Number         0  f2d.o ABSOLUTE
    ../fplib/fflt.s                          0x00000000   Number         0  fflt_clz.o ABSOLUTE
    ../fplib/fnaninf.s                       0x00000000   Number         0  fnaninf.o ABSOLUTE
    ../fplib/fpinit.s                        0x00000000   Number         0  fpinit.o ABSOLUTE
    ../fplib/fpinit_empty.s                  0x00000000   Number         0  fpinit_empty.o ABSOLUTE
    ../fplib/fretinf.s                       0x00000000   Number         0  fretinf.o ABSOLUTE
    ../fplib/istatus.s                       0x00000000   Number         0  istatus.o ABSOLUTE
    ../fplib/printf1.s                       0x00000000   Number         0  printf1.o ABSOLUTE
    ../fplib/printf2.s                       0x00000000   Number         0  printf2.o ABSOLUTE
    ../fplib/printf2a.s                      0x00000000   Number         0  printf2a.o ABSOLUTE
    ../fplib/printf2b.s                      0x00000000   Number         0  printf2b.o ABSOLUTE
    ../fplib/usenofp.s                       0x00000000   Number         0  usenofp.o ABSOLUTE
    ../mathlib/fpclassify.c                  0x00000000   Number         0  fpclassify.o ABSOLUTE
    dc.s                                     0x00000000   Number         0  dc.o ABSOLUTE
    main.c                                   0x00000000   Number         0  main.o ABSOLUTE
    sensor_ADC_driver.c                      0x00000000   Number         0  sensor_adc_driver.o ABSOLUTE
    startup_stm32l476xx.s                    0x00000000   Number         0  startup_stm32l476xx.o ABSOLUTE
    usart2_driver.c                          0x00000000   Number         0  usart2_driver.o ABSOLUTE
    RESET                                    0x08000000   Section      392  startup_stm32l476xx.o(RESET)
    !!!main                                  0x08000188   Section        8  __main.o(!!!main)
    !!!scatter                               0x08000190   Section       52  __scatter.o(!!!scatter)
    !!handler_zi                             0x080001c4   Section       28  __scatter_zi.o(!!handler_zi)
    .ARM.Collect$$_printf_percent$$00000000  0x080001e0   Section        0  _printf_percent.o(.ARM.Collect$$_printf_percent$$00000000)
    .ARM.Collect$$_printf_percent$$00000001  0x080001e0   Section        6  _printf_n.o(.ARM.Collect$$_printf_percent$$00000001)
    .ARM.Collect$$_printf_percent$$00000002  0x080001e6   Section        6  _printf_p.o(.ARM.Collect$$_printf_percent$$00000002)
    .ARM.Collect$$_printf_percent$$00000003  0x080001ec   Section        6  _printf_f.o(.ARM.Collect$$_printf_percent$$00000003)
    .ARM.Collect$$_printf_percent$$00000004  0x080001f2   Section        6  _printf_e.o(.ARM.Collect$$_printf_percent$$00000004)
    .ARM.Collect$$_printf_percent$$00000005  0x080001f8   Section        6  _printf_g.o(.ARM.Collect$$_printf_percent$$00000005)
    .ARM.Collect$$_printf_percent$$00000006  0x080001fe   Section        6  _printf_a.o(.ARM.Collect$$_printf_percent$$00000006)
    .ARM.Collect$$_printf_percent$$00000007  0x08000204   Section       10  _printf_ll.o(.ARM.Collect$$_printf_percent$$00000007)
    .ARM.Collect$$_printf_percent$$00000008  0x0800020e   Section        6  _printf_i.o(.ARM.Collect$$_printf_percent$$00000008)
    .ARM.Collect$$_printf_percent$$00000009  0x08000214   Section        6  _printf_d.o(.ARM.Collect$$_printf_percent$$00000009)
    .ARM.Collect$$_printf_percent$$0000000A  0x0800021a   Section        6  _printf_u.o(.ARM.Collect$$_printf_percent$$0000000A)
    .ARM.Collect$$_printf_percent$$0000000B  0x08000220   Section        6  _printf_o.o(.ARM.Collect$$_printf_percent$$0000000B)
    .ARM.Collect$$_printf_percent$$0000000C  0x08000226   Section        6  _printf_x.o(.ARM.Collect$$_printf_percent$$0000000C)
    .ARM.Collect$$_printf_percent$$0000000D  0x0800022c   Section        6  _printf_lli.o(.ARM.Collect$$_printf_percent$$0000000D)
    .ARM.Collect$$_printf_percent$$0000000E  0x08000232   Section        6  _printf_lld.o(.ARM.Collect$$_printf_percent$$0000000E)
    .ARM.Collect$$_printf_percent$$0000000F  0x08000238   Section        6  _printf_llu.o(.ARM.Collect$$_printf_percent$$0000000F)
    .ARM.Collect$$_printf_percent$$00000010  0x0800023e   Section        6  _printf_llo.o(.ARM.Collect$$_printf_percent$$00000010)
    .ARM.Collect$$_printf_percent$$00000011  0x08000244   Section        6  _printf_llx.o(.ARM.Collect$$_printf_percent$$00000011)
    .ARM.Collect$$_printf_percent$$00000012  0x0800024a   Section       10  _printf_l.o(.ARM.Collect$$_printf_percent$$00000012)
    .ARM.Collect$$_printf_percent$$00000013  0x08000254   Section        6  _printf_c.o(.ARM.Collect$$_printf_percent$$00000013)
    .ARM.Collect$$_printf_percent$$00000014  0x0800025a   Section        6  _printf_s.o(.ARM.Collect$$_printf_percent$$00000014)
    .ARM.Collect$$_printf_percent$$00000015  0x08000260   Section        6  _printf_lc.o(.ARM.Collect$$_printf_percent$$00000015)
    .ARM.Collect$$_printf_percent$$00000016  0x08000266   Section        6  _printf_ls.o(.ARM.Collect$$_printf_percent$$00000016)
    .ARM.Collect$$_printf_percent$$00000017  0x0800026c   Section        4  _printf_percent_end.o(.ARM.Collect$$_printf_percent$$00000017)
    .ARM.Collect$$libinit$$00000000          0x08000270   Section        2  libinit.o(.ARM.Collect$$libinit$$00000000)
    .ARM.Collect$$libinit$$00000002          0x08000272   Section        0  libinit2.o(.ARM.Collect$$libinit$$00000002)
    .ARM.Collect$$libinit$$00000004          0x08000272   Section        0  libinit2.o(.ARM.Collect$$libinit$$00000004)
    .ARM.Collect$$libinit$$00000006          0x08000272   Section        0  libinit2.o(.ARM.Collect$$libinit$$00000006)
    .ARM.Collect$$libinit$$0000000C          0x08000272   Section        0  libinit2.o(.ARM.Collect$$libinit$$0000000C)
    .ARM.Collect$$libinit$$0000000E          0x08000272   Section        0  libinit2.o(.ARM.Collect$$libinit$$0000000E)
    .ARM.Collect$$libinit$$00000010          0x08000272   Section        0  libinit2.o(.ARM.Collect$$libinit$$00000010)
    .ARM.Collect$$libinit$$00000011          0x08000272   Section        6  libinit2.o(.ARM.Collect$$libinit$$00000011)
    .ARM.Collect$$libinit$$00000013          0x08000278   Section        0  libinit2.o(.ARM.Collect$$libinit$$00000013)
    .ARM.Collect$$libinit$$00000014          0x08000278   Section       12  libinit2.o(.ARM.Collect$$libinit$$00000014)
    .ARM.Collect$$libinit$$00000015          0x08000284   Section        0  libinit2.o(.ARM.Collect$$libinit$$00000015)
    .ARM.Collect$$libinit$$00000017          0x08000284   Section        0  libinit2.o(.ARM.Collect$$libinit$$00000017)
    .ARM.Collect$$libinit$$00000018          0x08000284   Section       10  libinit2.o(.ARM.Collect$$libinit$$00000018)
    .ARM.Collect$$libinit$$00000019          0x0800028e   Section        0  libinit2.o(.ARM.Collect$$libinit$$00000019)
    .ARM.Collect$$libinit$$0000001B          0x0800028e   Section        0  libinit2.o(.ARM.Collect$$libinit$$0000001B)
    .ARM.Collect$$libinit$$0000001D          0x0800028e   Section        0  libinit2.o(.ARM.Collect$$libinit$$0000001D)
    .ARM.Collect$$libinit$$0000001F          0x0800028e   Section        0  libinit2.o(.ARM.Collect$$libinit$$0000001F)
    .ARM.Collect$$libinit$$00000021          0x0800028e   Section        0  libinit2.o(.ARM.Collect$$libinit$$00000021)
    .ARM.Collect$$libinit$$00000023          0x0800028e   Section        0  libinit2.o(.ARM.Collect$$libinit$$00000023)
    .ARM.Collect$$libinit$$00000025          0x0800028e   Section        0  libinit2.o(.ARM.Collect$$libinit$$00000025)
    .ARM.Collect$$libinit$$00000027          0x0800028e   Section        0  libinit2.o(.ARM.Collect$$libinit$$00000027)
    .ARM.Collect$$libinit$$0000002E          0x0800028e   Section        0  libinit2.o(.ARM.Collect$$libinit$$0000002E)
    .ARM.Collect$$libinit$$00000030          0x0800028e   Section        0  libinit2.o(.ARM.Collect$$libinit$$00000030)
    .ARM.Collect$$libinit$$00000032          0x0800028e   Section        0  libinit2.o(.ARM.Collect$$libinit$$00000032)
    .ARM.Collect$$libinit$$00000034          0x0800028e   Section        0  libinit2.o(.ARM.Collect$$libinit$$00000034)
    .ARM.Collect$$libinit$$00000035          0x0800028e   Section        2  libinit2.o(.ARM.Collect$$libinit$$00000035)
    .ARM.Collect$$libshutdown$$00000000      0x08000290   Section        2  libshutdown.o(.ARM.Collect$$libshutdown$$00000000)
    .ARM.Collect$$libshutdown$$00000002      0x08000292   Section        0  libshutdown2.o(.ARM.Collect$$libshutdown$$00000002)
    .ARM.Collect$$libshutdown$$00000004      0x08000292   Section        0  libshutdown2.o(.ARM.Collect$$libshutdown$$00000004)
    .ARM.Collect$$libshutdown$$00000007      0x08000292   Section        0  libshutdown2.o(.ARM.Collect$$libshutdown$$00000007)
    .ARM.Collect$$libshutdown$$0000000A      0x08000292   Section        0  libshutdown2.o(.ARM.Collect$$libshutdown$$0000000A)
    .ARM.Collect$$libshutdown$$0000000C      0x08000292   Section        0  libshutdown2.o(.ARM.Collect$$libshutdown$$0000000C)
    .ARM.Collect$$libshutdown$$0000000F      0x08000292   Section        0  libshutdown2.o(.ARM.Collect$$libshutdown$$0000000F)
    .ARM.Collect$$libshutdown$$00000010      0x08000292   Section        2  libshutdown2.o(.ARM.Collect$$libshutdown$$00000010)
    .ARM.Collect$$rtentry$$00000000          0x08000294   Section        0  __rtentry.o(.ARM.Collect$$rtentry$$00000000)
    .ARM.Collect$$rtentry$$00000002          0x08000294   Section        0  __rtentry2.o(.ARM.Collect$$rtentry$$00000002)
    .ARM.Collect$$rtentry$$00000004          0x08000294   Section        6  __rtentry4.o(.ARM.Collect$$rtentry$$00000004)
    .ARM.Collect$$rtentry$$00000009          0x0800029a   Section        0  __rtentry2.o(.ARM.Collect$$rtentry$$00000009)
    .ARM.Collect$$rtentry$$0000000A          0x0800029a   Section        4  __rtentry2.o(.ARM.Collect$$rtentry$$0000000A)
    .ARM.Collect$$rtentry$$0000000C          0x0800029e   Section        0  __rtentry2.o(.ARM.Collect$$rtentry$$0000000C)
    .ARM.Collect$$rtentry$$0000000D          0x0800029e   Section        8  __rtentry2.o(.ARM.Collect$$rtentry$$0000000D)
    .ARM.Collect$$rtexit$$00000000           0x080002a6   Section        2  rtexit.o(.ARM.Collect$$rtexit$$00000000)
    .ARM.Collect$$rtexit$$00000002           0x080002a8   Section        0  rtexit2.o(.ARM.Collect$$rtexit$$00000002)
    .ARM.Collect$$rtexit$$00000003           0x080002a8   Section        4  rtexit2.o(.ARM.Collect$$rtexit$$00000003)
    .ARM.Collect$$rtexit$$00000004           0x080002ac   Section        6  rtexit2.o(.ARM.Collect$$rtexit$$00000004)
    .text                                    0x080002b4   Section      140  startup_stm32l476xx.o(.text)
    .text                                    0x08000340   Section        0  sprintf.o(.text)
    .text                                    0x0800036c   Section        0  heapauxi.o(.text)
    .text                                    0x08000372   Section        0  _printf_pad.o(.text)
    .text                                    0x080003c0   Section        0  _printf_truncate.o(.text)
    .text                                    0x080003e4   Section        0  _printf_str.o(.text)
    .text                                    0x08000438   Section        0  _printf_dec.o(.text)
    .text                                    0x080004b0   Section        0  _printf_charcount.o(.text)
    _printf_input_char                       0x080004d9   Thumb Code    10  _printf_char_common.o(.text)
    .text                                    0x080004d8   Section        0  _printf_char_common.o(.text)
    .text                                    0x08000508   Section        0  _sputc.o(.text)
    .text                                    0x08000514   Section        0  _printf_wctomb.o(.text)
    .text                                    0x080005d8   Section        0  _printf_longlong_dec.o(.text)
    _printf_longlong_oct_internal            0x08000655   Thumb Code     0  _printf_oct_int_ll.o(.text)
    .text                                    0x08000654   Section        0  _printf_oct_int_ll.o(.text)
    _printf_hex_common                       0x080006c5   Thumb Code     0  _printf_hex_int_ll_ptr.o(.text)
    .text                                    0x080006c4   Section        0  _printf_hex_int_ll_ptr.o(.text)
    .text                                    0x08000758   Section        0  __printf_flags_ss_wp.o(.text)
    .text                                    0x080008e6   Section      138  lludiv10.o(.text)
    .text                                    0x08000970   Section        0  _printf_intcommon.o(.text)
    _fp_digits                               0x08000a23   Thumb Code   432  _printf_fp_dec.o(.text)
    .text                                    0x08000a22   Section        0  _printf_fp_dec.o(.text)
    .text                                    0x08000e44   Section        0  _printf_fp_hex.o(.text)
    .text                                    0x08001146   Section        0  _printf_char.o(.text)
    .text                                    0x08001172   Section        0  _printf_wchar.o(.text)
    .text                                    0x0800119e   Section        0  _c16rtomb.o(.text)
    .text                                    0x080011e6   Section       74  sys_stackheap_outer.o(.text)
    .text                                    0x08001230   Section       16  rt_ctype_table.o(.text)
    .text                                    0x08001240   Section        8  rt_locale_intlibspace.o(.text)
    .text                                    0x08001248   Section        0  _printf_fp_infnan.o(.text)
    .text                                    0x080012c8   Section        0  bigflt0.o(.text)
    .text                                    0x080013ac   Section        0  exit.o(.text)
    .text                                    0x080013c0   Section        8  libspace.o(.text)
    .text                                    0x080013c8   Section      124  strcmpv7em.o(.text)
    .text                                    0x08001444   Section        0  sys_exit.o(.text)
    .text                                    0x08001450   Section        2  use_no_semi.o(.text)
    .text                                    0x08001452   Section        0  indicate_semi.o(.text)
    [Anonymous Symbol]                       0x08001454   Section        0  sensor_adc_driver.o(.text.ADC1_2_IRQHandler)
    [Anonymous Symbol]                       0x08001488   Section        0  sensor_adc_driver.o(.text.ADC1_Wakeup)
    [Anonymous Symbol]                       0x080014b8   Section        0  sensor_adc_driver.o(.text.ADC_Common_Configuration)
    [Anonymous Symbol]                       0x080014ec   Section        0  sensor_adc_driver.o(.text.ADC_Init)
    [Anonymous Symbol]                       0x080015d4   Section        0  sensor_adc_driver.o(.text.ADC_Pin_Init)
    [Anonymous Symbol]                       0x08001600   Section        0  usart2_driver.o(.text.USART2_Init)
    [Anonymous Symbol]                       0x08001624   Section        0  usart2_driver.o(.text.USART2_Pin_Init)
    [Anonymous Symbol]                       0x08001660   Section        0  usart2_driver.o(.text.USART_Init)
    __NVIC_EnableIRQ                         0x080016d1   Thumb Code    48  sensor_adc_driver.o(.text.__NVIC_EnableIRQ)
    [Anonymous Symbol]                       0x080016d0   Section        0  sensor_adc_driver.o(.text.__NVIC_EnableIRQ)
    __NVIC_EnableIRQ                         0x08001701   Thumb Code    48  usart2_driver.o(.text.__NVIC_EnableIRQ)
    [Anonymous Symbol]                       0x08001700   Section        0  usart2_driver.o(.text.__NVIC_EnableIRQ)
    [Anonymous Symbol]                       0x08001730   Section        0  main.o(.text.main)
    [Anonymous Symbol]                       0x08001824   Section        0  main.o(.text.send_string_via_usart)
    CL$$btod_d2e                             0x08001860   Section       62  btod.o(CL$$btod_d2e)
    CL$$btod_d2e_denorm_low                  0x0800189e   Section       70  btod.o(CL$$btod_d2e_denorm_low)
    CL$$btod_d2e_norm_op1                    0x080018e4   Section       96  btod.o(CL$$btod_d2e_norm_op1)
    CL$$btod_div_common                      0x08001944   Section      824  btod.o(CL$$btod_div_common)
    CL$$btod_e2e                             0x08001c7c   Section      220  btod.o(CL$$btod_e2e)
    CL$$btod_ediv                            0x08001d58   Section       42  btod.o(CL$$btod_ediv)
    CL$$btod_emul                            0x08001d82   Section       42  btod.o(CL$$btod_emul)
    CL$$btod_mult_common                     0x08001dac   Section      580  btod.o(CL$$btod_mult_common)
    i.__ARM_fpclassify                       0x08001ff0   Section        0  fpclassify.o(i.__ARM_fpclassify)
    i._is_digit                              0x08002018   Section        0  __printf_wp.o(i._is_digit)
    locale$$code                             0x08002028   Section       44  lc_numeric_c.o(locale$$code)
    locale$$code                             0x08002054   Section       44  lc_ctype_c.o(locale$$code)
    x$fpl$d2f                                0x08002080   Section       98  d2f.o(x$fpl$d2f)
    x$fpl$dadd                               0x080020e4   Section      336  daddsub_clz.o(x$fpl$dadd)
    _dadd1                                   0x080020f5   Thumb Code     0  daddsub_clz.o(x$fpl$dadd)
    x$fpl$dfixu                              0x08002234   Section       90  dfixu.o(x$fpl$dfixu)
    x$fpl$dmul                               0x08002290   Section      340  dmul.o(x$fpl$dmul)
    x$fpl$dnaninf                            0x080023e4   Section      156  dnaninf.o(x$fpl$dnaninf)
    x$fpl$dretinf                            0x08002480   Section       12  dretinf.o(x$fpl$dretinf)
    x$fpl$dsub                               0x0800248c   Section      476  daddsub_clz.o(x$fpl$dsub)
    _dsub1                                   0x0800249d   Thumb Code     0  daddsub_clz.o(x$fpl$dsub)
    x$fpl$f2d                                0x08002668   Section       86  f2d.o(x$fpl$f2d)
    x$fpl$ffltu                              0x080026c0   Section       38  fflt_clz.o(x$fpl$ffltu)
    x$fpl$fnaninf                            0x080026e6   Section      140  fnaninf.o(x$fpl$fnaninf)
    x$fpl$fretinf                            0x08002772   Section       10  fretinf.o(x$fpl$fretinf)
    x$fpl$printf1                            0x0800277c   Section        4  printf1.o(x$fpl$printf1)
    x$fpl$printf2                            0x08002780   Section        4  printf2.o(x$fpl$printf2)
    initial_mbstate                          0x08002784   Data           8  _printf_wctomb.o(.constdata)
    .constdata                               0x08002784   Section        8  _printf_wctomb.o(.constdata)
    x$fpl$usenofp                            0x08002784   Section        0  usenofp.o(x$fpl$usenofp)
    uc_hextab                                0x0800278c   Data          20  _printf_hex_int_ll_ptr.o(.constdata)
    .constdata                               0x0800278c   Section       40  _printf_hex_int_ll_ptr.o(.constdata)
    lc_hextab                                0x080027a0   Data          20  _printf_hex_int_ll_ptr.o(.constdata)
    maptable                                 0x080027b4   Data          17  __printf_flags_ss_wp.o(.constdata)
    .constdata                               0x080027b4   Section       17  __printf_flags_ss_wp.o(.constdata)
    lc_hextab                                0x080027c5   Data          19  _printf_fp_hex.o(.constdata)
    .constdata                               0x080027c5   Section       38  _printf_fp_hex.o(.constdata)
    uc_hextab                                0x080027d8   Data          19  _printf_fp_hex.o(.constdata)
    tenpwrs_x                                0x080027ec   Data          60  bigflt0.o(.constdata)
    .constdata                               0x080027ec   Section      148  bigflt0.o(.constdata)
    tenpwrs_i                                0x08002828   Data          64  bigflt0.o(.constdata)
    .L.str                                   0x08002880   Data          34  main.o(.rodata.str1.1)
    [Anonymous Symbol]                       0x08002880   Section        0  main.o(.rodata.str1.1)
    .L.str.1                                 0x080028a2   Data           5  main.o(.rodata.str1.1)
    locale$$data                             0x080028b8   Section       28  lc_numeric_c.o(locale$$data)
    __lcnum_c_name                           0x080028bc   Data           2  lc_numeric_c.o(locale$$data)
    __lcnum_c_start                          0x080028c4   Data           0  lc_numeric_c.o(locale$$data)
    __lcnum_c_point                          0x080028d0   Data           0  lc_numeric_c.o(locale$$data)
    __lcnum_c_thousands                      0x080028d2   Data           0  lc_numeric_c.o(locale$$data)
    __lcnum_c_grouping                       0x080028d3   Data           0  lc_numeric_c.o(locale$$data)
    __lcnum_c_end                            0x080028d4   Data           0  lc_numeric_c.o(locale$$data)
    locale$$data                             0x080028d4   Section      272  lc_ctype_c.o(locale$$data)
    __lcctype_c_name                         0x080028d8   Data           2  lc_ctype_c.o(locale$$data)
    __lcctype_c_start                        0x080028e0   Data           0  lc_ctype_c.o(locale$$data)
    __lcctype_c_end                          0x080029e4   Data           0  lc_ctype_c.o(locale$$data)
    .bss                                     0x20000000   Section       96  libspace.o(.bss)
    Heap_Mem                                 0x20000080   Data         512  startup_stm32l476xx.o(HEAP)
    HEAP                                     0x20000080   Section      512  startup_stm32l476xx.o(HEAP)
    Stack_Mem                                0x20000280   Data        1024  startup_stm32l476xx.o(STACK)
    STACK                                    0x20000280   Section     1024  startup_stm32l476xx.o(STACK)
    __initial_sp                             0x20000680   Data           0  startup_stm32l476xx.o(STACK)

    Global Symbols

    Symbol Name                              Value     Ov Type        Size  Object(Section)

    BuildAttributes$$THM_ISAv4$E$P$D$K$B$S$7EM$PE$A:L22UL41UL21$X:L11$S22US41US21$IEEE1$IW$~IW$USESV6$~STKCKD$USESV7$~SHL$OTIME$ROPI$IEEEJ$EBA8$UX$STANDARDLIB$REQ8$PRES8$EABIv2 0x00000000   Number         0  anon$$obj.o ABSOLUTE
    Image$$ER_IROM1$$RW$$Length              0x00000000   Number         0  anon$$obj.o ABSOLUTE
    Image$$ER_IROM1$$ZI$$Length              0x00000000   Number         0  anon$$obj.o ABSOLUTE
    Image$$RW_IRAM1$$Length                  0x00000000   Number         0  anon$$obj.o ABSOLUTE
    Image$$RW_IRAM1$$RO$$Length              0x00000000   Number         0  anon$$obj.o ABSOLUTE
    Image$$RW_IRAM1$$RW$$Length              0x00000000   Number         0  anon$$obj.o ABSOLUTE
    __fp_init_empty                          0x00000000   Number         0  fpinit_empty.o ABSOLUTE
    _printf_flags                            0x00000000   Number         0  printf_stubs.o ABSOLUTE
    _printf_return_value                     0x00000000   Number         0  printf_stubs.o ABSOLUTE
    _printf_sizespec                         0x00000000   Number         0  printf_stubs.o ABSOLUTE
    _printf_widthprec                        0x00000000   Number         0  printf_stubs.o ABSOLUTE
    __ARM_exceptions_init                     - Undefined Weak Reference
    __alloca_initialize                       - Undefined Weak Reference
    __arm_preinit_                            - Undefined Weak Reference
    __arm_relocate_pie_                       - Undefined Weak Reference
    __cpp_initialize__aeabi_                  - Undefined Weak Reference
    __cxa_finalize                            - Undefined Weak Reference
    __sigvec_lookup                           - Undefined Weak Reference
    _atexit_init                              - Undefined Weak Reference
    _call_atexit_fns                          - Undefined Weak Reference
    _clock_init                               - Undefined Weak Reference
    _fp_trap_init                             - Undefined Weak Reference
    _fp_trap_shutdown                         - Undefined Weak Reference
    _get_lc_collate                           - Undefined Weak Reference
    _get_lc_monetary                          - Undefined Weak Reference
    _get_lc_time                              - Undefined Weak Reference
    _getenv_init                              - Undefined Weak Reference
    _handle_redirection                       - Undefined Weak Reference
    _init_alloc                               - Undefined Weak Reference
    _init_user_alloc                          - Undefined Weak Reference
    _initio                                   - Undefined Weak Reference
    _printf_mbtowc                            - Undefined Weak Reference
    _printf_wc                                - Undefined Weak Reference
    _rand_init                                - Undefined Weak Reference
    _signal_finish                            - Undefined Weak Reference
    _signal_init                              - Undefined Weak Reference
    _terminate_alloc                          - Undefined Weak Reference
    _terminate_user_alloc                     - Undefined Weak Reference
    _terminateio                              - Undefined Weak Reference
    __Vectors_Size                           0x00000188   Number         0  startup_stm32l476xx.o ABSOLUTE
    Image$$RW_IRAM1$$ZI$$Length              0x00000680   Number         0  anon$$obj.o ABSOLUTE
    Image$$ER_IROM1$$RO$$Length              0x000029e4   Number         0  anon$$obj.o ABSOLUTE
    Image$$ER_IROM1$$RO$$Base                0x08000000   Number         0  anon$$obj.o ABSOLUTE
    Load$$ER_IROM1$$Base                     0x08000000   Number         0  anon$$obj.o ABSOLUTE
    __Vectors                                0x08000000   Data           4  startup_stm32l476xx.o(RESET)
    __Vectors_End                            0x08000188   Data           0  startup_stm32l476xx.o(RESET)
    __main                                   0x08000189   Thumb Code     8  __main.o(!!!main)
    __scatterload                            0x08000191   Thumb Code     0  __scatter.o(!!!scatter)
    __scatterload_rt2                        0x08000191   Thumb Code    44  __scatter.o(!!!scatter)
    __scatterload_rt2_thumb_only             0x08000191   Thumb Code     0  __scatter.o(!!!scatter)
    __scatterload_null                       0x0800019f   Thumb Code     0  __scatter.o(!!!scatter)
    __scatterload_zeroinit                   0x080001c5   Thumb Code    28  __scatter_zi.o(!!handler_zi)
    _printf_n                                0x080001e1   Thumb Code     0  _printf_n.o(.ARM.Collect$$_printf_percent$$00000001)
    _printf_percent                          0x080001e1   Thumb Code     0  _printf_percent.o(.ARM.Collect$$_printf_percent$$00000000)
    _printf_p                                0x080001e7   Thumb Code     0  _printf_p.o(.ARM.Collect$$_printf_percent$$00000002)
    _printf_f                                0x080001ed   Thumb Code     0  _printf_f.o(.ARM.Collect$$_printf_percent$$00000003)
    _printf_e                                0x080001f3   Thumb Code     0  _printf_e.o(.ARM.Collect$$_printf_percent$$00000004)
    _printf_g                                0x080001f9   Thumb Code     0  _printf_g.o(.ARM.Collect$$_printf_percent$$00000005)
    _printf_a                                0x080001ff   Thumb Code     0  _printf_a.o(.ARM.Collect$$_printf_percent$$00000006)
    _printf_ll                               0x08000205   Thumb Code     0  _printf_ll.o(.ARM.Collect$$_printf_percent$$00000007)
    _printf_i                                0x0800020f   Thumb Code     0  _printf_i.o(.ARM.Collect$$_printf_percent$$00000008)
    _printf_d                                0x08000215   Thumb Code     0  _printf_d.o(.ARM.Collect$$_printf_percent$$00000009)
    _printf_u                                0x0800021b   Thumb Code     0  _printf_u.o(.ARM.Collect$$_printf_percent$$0000000A)
    _printf_o                                0x08000221   Thumb Code     0  _printf_o.o(.ARM.Collect$$_printf_percent$$0000000B)
    _printf_x                                0x08000227   Thumb Code     0  _printf_x.o(.ARM.Collect$$_printf_percent$$0000000C)
    _printf_lli                              0x0800022d   Thumb Code     0  _printf_lli.o(.ARM.Collect$$_printf_percent$$0000000D)
    _printf_lld                              0x08000233   Thumb Code     0  _printf_lld.o(.ARM.Collect$$_printf_percent$$0000000E)
    _printf_llu                              0x08000239   Thumb Code     0  _printf_llu.o(.ARM.Collect$$_printf_percent$$0000000F)
    _printf_llo                              0x0800023f   Thumb Code     0  _printf_llo.o(.ARM.Collect$$_printf_percent$$00000010)
    _printf_llx                              0x08000245   Thumb Code     0  _printf_llx.o(.ARM.Collect$$_printf_percent$$00000011)
    _printf_l                                0x0800024b   Thumb Code     0  _printf_l.o(.ARM.Collect$$_printf_percent$$00000012)
    _printf_c                                0x08000255   Thumb Code     0  _printf_c.o(.ARM.Collect$$_printf_percent$$00000013)
    _printf_s                                0x0800025b   Thumb Code     0  _printf_s.o(.ARM.Collect$$_printf_percent$$00000014)
    _printf_lc                               0x08000261   Thumb Code     0  _printf_lc.o(.ARM.Collect$$_printf_percent$$00000015)
    _printf_ls                               0x08000267   Thumb Code     0  _printf_ls.o(.ARM.Collect$$_printf_percent$$00000016)
    _printf_percent_end                      0x0800026d   Thumb Code     0  _printf_percent_end.o(.ARM.Collect$$_printf_percent$$00000017)
    __rt_lib_init                            0x08000271   Thumb Code     0  libinit.o(.ARM.Collect$$libinit$$00000000)
    __rt_lib_init_fp_1                       0x08000273   Thumb Code     0  libinit2.o(.ARM.Collect$$libinit$$00000002)
    __rt_lib_init_heap_1                     0x08000273   Thumb Code     0  libinit2.o(.ARM.Collect$$libinit$$0000000C)
    __rt_lib_init_lc_common                  0x08000273   Thumb Code     0  libinit2.o(.ARM.Collect$$libinit$$00000011)
    __rt_lib_init_preinit_1                  0x08000273   Thumb Code     0  libinit2.o(.ARM.Collect$$libinit$$00000006)
    __rt_lib_init_rand_1                     0x08000273   Thumb Code     0  libinit2.o(.ARM.Collect$$libinit$$00000010)
    __rt_lib_init_relocate_pie_1             0x08000273   Thumb Code     0  libinit2.o(.ARM.Collect$$libinit$$00000004)
    __rt_lib_init_user_alloc_1               0x08000273   Thumb Code     0  libinit2.o(.ARM.Collect$$libinit$$0000000E)
    __rt_lib_init_lc_collate_1               0x08000279   Thumb Code     0  libinit2.o(.ARM.Collect$$libinit$$00000013)
    __rt_lib_init_lc_ctype_2                 0x08000279   Thumb Code     0  libinit2.o(.ARM.Collect$$libinit$$00000014)
    __rt_lib_init_lc_ctype_1                 0x08000285   Thumb Code     0  libinit2.o(.ARM.Collect$$libinit$$00000015)
    __rt_lib_init_lc_monetary_1              0x08000285   Thumb Code     0  libinit2.o(.ARM.Collect$$libinit$$00000017)
    __rt_lib_init_lc_numeric_2               0x08000285   Thumb Code     0  libinit2.o(.ARM.Collect$$libinit$$00000018)
    __rt_lib_init_alloca_1                   0x0800028f   Thumb Code     0  libinit2.o(.ARM.Collect$$libinit$$00000030)
    __rt_lib_init_argv_1                     0x0800028f   Thumb Code     0  libinit2.o(.ARM.Collect$$libinit$$0000002E)
    __rt_lib_init_atexit_1                   0x0800028f   Thumb Code     0  libinit2.o(.ARM.Collect$$libinit$$0000001D)
    __rt_lib_init_clock_1                    0x0800028f   Thumb Code     0  libinit2.o(.ARM.Collect$$libinit$$00000023)
    __rt_lib_init_cpp_1                      0x0800028f   Thumb Code     0  libinit2.o(.ARM.Collect$$libinit$$00000034)
    __rt_lib_init_exceptions_1               0x0800028f   Thumb Code     0  libinit2.o(.ARM.Collect$$libinit$$00000032)
    __rt_lib_init_fp_trap_1                  0x0800028f   Thumb Code     0  libinit2.o(.ARM.Collect$$libinit$$00000021)
    __rt_lib_init_getenv_1                   0x0800028f   Thumb Code     0  libinit2.o(.ARM.Collect$$libinit$$00000025)
    __rt_lib_init_lc_numeric_1               0x0800028f   Thumb Code     0  libinit2.o(.ARM.Collect$$libinit$$00000019)
    __rt_lib_init_lc_time_1                  0x0800028f   Thumb Code     0  libinit2.o(.ARM.Collect$$libinit$$0000001B)
    __rt_lib_init_return                     0x0800028f   Thumb Code     0  libinit2.o(.ARM.Collect$$libinit$$00000035)
    __rt_lib_init_signal_1                   0x0800028f   Thumb Code     0  libinit2.o(.ARM.Collect$$libinit$$0000001F)
    __rt_lib_init_stdio_1                    0x0800028f   Thumb Code     0  libinit2.o(.ARM.Collect$$libinit$$00000027)
    __rt_lib_shutdown                        0x08000291   Thumb Code     0  libshutdown.o(.ARM.Collect$$libshutdown$$00000000)
    __rt_lib_shutdown_cpp_1                  0x08000293   Thumb Code     0  libshutdown2.o(.ARM.Collect$$libshutdown$$00000002)
    __rt_lib_shutdown_fp_trap_1              0x08000293   Thumb Code     0  libshutdown2.o(.ARM.Collect$$libshutdown$$00000007)
    __rt_lib_shutdown_heap_1                 0x08000293   Thumb Code     0  libshutdown2.o(.ARM.Collect$$libshutdown$$0000000F)
    __rt_lib_shutdown_return                 0x08000293   Thumb Code     0  libshutdown2.o(.ARM.Collect$$libshutdown$$00000010)
    __rt_lib_shutdown_signal_1               0x08000293   Thumb Code     0  libshutdown2.o(.ARM.Collect$$libshutdown$$0000000A)
    __rt_lib_shutdown_stdio_1                0x08000293   Thumb Code     0  libshutdown2.o(.ARM.Collect$$libshutdown$$00000004)
    __rt_lib_shutdown_user_alloc_1           0x08000293   Thumb Code     0  libshutdown2.o(.ARM.Collect$$libshutdown$$0000000C)
    __rt_entry                               0x08000295   Thumb Code     0  __rtentry.o(.ARM.Collect$$rtentry$$00000000)
    __rt_entry_presh_1                       0x08000295   Thumb Code     0  __rtentry2.o(.ARM.Collect$$rtentry$$00000002)
    __rt_entry_sh                            0x08000295   Thumb Code     0  __rtentry4.o(.ARM.Collect$$rtentry$$00000004)
    __rt_entry_li                            0x0800029b   Thumb Code     0  __rtentry2.o(.ARM.Collect$$rtentry$$0000000A)
    __rt_entry_postsh_1                      0x0800029b   Thumb Code     0  __rtentry2.o(.ARM.Collect$$rtentry$$00000009)
    __rt_entry_main                          0x0800029f   Thumb Code     0  __rtentry2.o(.ARM.Collect$$rtentry$$0000000D)
    __rt_entry_postli_1                      0x0800029f   Thumb Code     0  __rtentry2.o(.ARM.Collect$$rtentry$$0000000C)
    __rt_exit                                0x080002a7   Thumb Code     0  rtexit.o(.ARM.Collect$$rtexit$$00000000)
    __rt_exit_ls                             0x080002a9   Thumb Code     0  rtexit2.o(.ARM.Collect$$rtexit$$00000003)
    __rt_exit_prels_1                        0x080002a9   Thumb Code     0  rtexit2.o(.ARM.Collect$$rtexit$$00000002)
    __rt_exit_exit                           0x080002ad   Thumb Code     0  rtexit2.o(.ARM.Collect$$rtexit$$00000004)
    Reset_Handler                            0x080002b5   Thumb Code    62  startup_stm32l476xx.o(.text)
    NMI_Handler                              0x080002f3   Thumb Code     2  startup_stm32l476xx.o(.text)
    HardFault_Handler                        0x080002f5   Thumb Code     2  startup_stm32l476xx.o(.text)
    MemManage_Handler                        0x080002f7   Thumb Code     2  startup_stm32l476xx.o(.text)
    BusFault_Handler                         0x080002f9   Thumb Code     2  startup_stm32l476xx.o(.text)
    UsageFault_Handler                       0x080002fb   Thumb Code     2  startup_stm32l476xx.o(.text)
    SVC_Handler                              0x080002fd   Thumb Code     2  startup_stm32l476xx.o(.text)
    DebugMon_Handler                         0x080002ff   Thumb Code     2  startup_stm32l476xx.o(.text)
    PendSV_Handler                           0x08000301   Thumb Code     2  startup_stm32l476xx.o(.text)
    SysTick_Handler                          0x08000303   Thumb Code     2  startup_stm32l476xx.o(.text)
    ADC3_IRQHandler                          0x08000305   Thumb Code     0  startup_stm32l476xx.o(.text)
    CAN1_RX0_IRQHandler                      0x08000305   Thumb Code     0  startup_stm32l476xx.o(.text)
    CAN1_RX1_IRQHandler                      0x08000305   Thumb Code     0  startup_stm32l476xx.o(.text)
    CAN1_SCE_IRQHandler                      0x08000305   Thumb Code     0  startup_stm32l476xx.o(.text)
    CAN1_TX_IRQHandler                       0x08000305   Thumb Code     0  startup_stm32l476xx.o(.text)
    COMP_IRQHandler                          0x08000305   Thumb Code     0  startup_stm32l476xx.o(.text)
    DFSDM0_IRQHandler                        0x08000305   Thumb Code     0  startup_stm32l476xx.o(.text)
    DFSDM1_IRQHandler                        0x08000305   Thumb Code     0  startup_stm32l476xx.o(.text)
    DFSDM2_IRQHandler                        0x08000305   Thumb Code     0  startup_stm32l476xx.o(.text)
    DFSDM3_IRQHandler                        0x08000305   Thumb Code     0  startup_stm32l476xx.o(.text)
    DMA1_Channel1_IRQHandler                 0x08000305   Thumb Code     0  startup_stm32l476xx.o(.text)
    DMA1_Channel2_IRQHandler                 0x08000305   Thumb Code     0  startup_stm32l476xx.o(.text)
    DMA1_Channel3_IRQHandler                 0x08000305   Thumb Code     0  startup_stm32l476xx.o(.text)
    DMA1_Channel4_IRQHandler                 0x08000305   Thumb Code     0  startup_stm32l476xx.o(.text)
    DMA1_Channel5_IRQHandler                 0x08000305   Thumb Code     0  startup_stm32l476xx.o(.text)
    DMA1_Channel6_IRQHandler                 0x08000305   Thumb Code     0  startup_stm32l476xx.o(.text)
    DMA1_Channel7_IRQHandler                 0x08000305   Thumb Code     0  startup_stm32l476xx.o(.text)
    DMA2_Channel1_IRQHandler                 0x08000305   Thumb Code     0  startup_stm32l476xx.o(.text)
    DMA2_Channel2_IRQHandler                 0x08000305   Thumb Code     0  startup_stm32l476xx.o(.text)
    DMA2_Channel3_IRQHandler                 0x08000305   Thumb Code     0  startup_stm32l476xx.o(.text)
    DMA2_Channel4_IRQHandler                 0x08000305   Thumb Code     0  startup_stm32l476xx.o(.text)
    DMA2_Channel5_IRQHandler                 0x08000305   Thumb Code     0  startup_stm32l476xx.o(.text)
    DMA2_Channel6_IRQHandler                 0x08000305   Thumb Code     0  startup_stm32l476xx.o(.text)
    DMA2_Channel7_IRQHandler                 0x08000305   Thumb Code     0  startup_stm32l476xx.o(.text)
    EXTI0_IRQHandler                         0x08000305   Thumb Code     0  startup_stm32l476xx.o(.text)
    EXTI15_10_IRQHandler                     0x08000305   Thumb Code     0  startup_stm32l476xx.o(.text)
    EXTI1_IRQHandler                         0x08000305   Thumb Code     0  startup_stm32l476xx.o(.text)
    EXTI2_IRQHandler                         0x08000305   Thumb Code     0  startup_stm32l476xx.o(.text)
    EXTI3_IRQHandler                         0x08000305   Thumb Code     0  startup_stm32l476xx.o(.text)
    EXTI4_IRQHandler                         0x08000305   Thumb Code     0  startup_stm32l476xx.o(.text)
    EXTI9_5_IRQHandler                       0x08000305   Thumb Code     0  startup_stm32l476xx.o(.text)
    FLASH_IRQHandler                         0x08000305   Thumb Code     0  startup_stm32l476xx.o(.text)
    FMC_IRQHandler                           0x08000305   Thumb Code     0  startup_stm32l476xx.o(.text)
    FPU_IRQHandler                           0x08000305   Thumb Code     0  startup_stm32l476xx.o(.text)
    I2C1_ER_IRQHandler                       0x08000305   Thumb Code     0  startup_stm32l476xx.o(.text)
    I2C1_EV_IRQHandler                       0x08000305   Thumb Code     0  startup_stm32l476xx.o(.text)
    I2C2_ER_IRQHandler                       0x08000305   Thumb Code     0  startup_stm32l476xx.o(.text)
    I2C2_EV_IRQHandler                       0x08000305   Thumb Code     0  startup_stm32l476xx.o(.text)
    I2C3_ER_IRQHandler                       0x08000305   Thumb Code     0  startup_stm32l476xx.o(.text)
    I2C3_EV_IRQHandler                       0x08000305   Thumb Code     0  startup_stm32l476xx.o(.text)
    LCD_IRQHandler                           0x08000305   Thumb Code     0  startup_stm32l476xx.o(.text)
    LPTIM1_IRQHandler                        0x08000305   Thumb Code     0  startup_stm32l476xx.o(.text)
    LPTIM2_IRQHandler                        0x08000305   Thumb Code     0  startup_stm32l476xx.o(.text)
    LPUART1_IRQHandler                       0x08000305   Thumb Code     0  startup_stm32l476xx.o(.text)
    OTG_FS_IRQHandler                        0x08000305   Thumb Code     0  startup_stm32l476xx.o(.text)
    PVD_PVM_IRQHandler                       0x08000305   Thumb Code     0  startup_stm32l476xx.o(.text)
    QUADSPI_IRQHandler                       0x08000305   Thumb Code     0  startup_stm32l476xx.o(.text)
    RCC_IRQHandler                           0x08000305   Thumb Code     0  startup_stm32l476xx.o(.text)
    RNG_IRQHandler                           0x08000305   Thumb Code     0  startup_stm32l476xx.o(.text)
    RTC_Alarm_IRQHandler                     0x08000305   Thumb Code     0  startup_stm32l476xx.o(.text)
    RTC_WKUP_IRQHandler                      0x08000305   Thumb Code     0  startup_stm32l476xx.o(.text)
    SAI1_IRQHandler                          0x08000305   Thumb Code     0  startup_stm32l476xx.o(.text)
    SAI2_IRQHandler                          0x08000305   Thumb Code     0  startup_stm32l476xx.o(.text)
    SDMMC1_IRQHandler                        0x08000305   Thumb Code     0  startup_stm32l476xx.o(.text)
    SPI1_IRQHandler                          0x08000305   Thumb Code     0  startup_stm32l476xx.o(.text)
    SPI2_IRQHandler                          0x08000305   Thumb Code     0  startup_stm32l476xx.o(.text)
    SPI3_IRQHandler                          0x08000305   Thumb Code     0  startup_stm32l476xx.o(.text)
    SWPMI1_IRQHandler                        0x08000305   Thumb Code     0  startup_stm32l476xx.o(.text)
    TAMP_STAMP_IRQHandler                    0x08000305   Thumb Code     0  startup_stm32l476xx.o(.text)
    TIM1_BRK_TIM15_IRQHandler                0x08000305   Thumb Code     0  startup_stm32l476xx.o(.text)
    TIM1_CC_IRQHandler                       0x08000305   Thumb Code     0  startup_stm32l476xx.o(.text)
    TIM1_TRG_COM_TIM17_IRQHandler            0x08000305   Thumb Code     0  startup_stm32l476xx.o(.text)
    TIM1_UP_TIM16_IRQHandler                 0x08000305   Thumb Code     0  startup_stm32l476xx.o(.text)
    TIM2_IRQHandler                          0x08000305   Thumb Code     0  startup_stm32l476xx.o(.text)
    TIM3_IRQHandler                          0x08000305   Thumb Code     0  startup_stm32l476xx.o(.text)
    TIM4_IRQHandler                          0x08000305   Thumb Code     0  startup_stm32l476xx.o(.text)
    TIM5_IRQHandler                          0x08000305   Thumb Code     0  startup_stm32l476xx.o(.text)
    TIM6_DAC_IRQHandler                      0x08000305   Thumb Code     0  startup_stm32l476xx.o(.text)
    TIM7_IRQHandler                          0x08000305   Thumb Code     0  startup_stm32l476xx.o(.text)
    TIM8_BRK_IRQHandler                      0x08000305   Thumb Code     0  startup_stm32l476xx.o(.text)
    TIM8_CC_IRQHandler                       0x08000305   Thumb Code     0  startup_stm32l476xx.o(.text)
    TIM8_TRG_COM_IRQHandler                  0x08000305   Thumb Code     0  startup_stm32l476xx.o(.text)
    TIM8_UP_IRQHandler                       0x08000305   Thumb Code     0  startup_stm32l476xx.o(.text)
    TSC_IRQHandler                           0x08000305   Thumb Code     0  startup_stm32l476xx.o(.text)
    UART4_IRQHandler                         0x08000305   Thumb Code     0  startup_stm32l476xx.o(.text)
    UART5_IRQHandler                         0x08000305   Thumb Code     0  startup_stm32l476xx.o(.text)
    USART1_IRQHandler                        0x08000305   Thumb Code     0  startup_stm32l476xx.o(.text)
    USART2_IRQHandler                        0x08000305   Thumb Code     0  startup_stm32l476xx.o(.text)
    USART3_IRQHandler                        0x08000305   Thumb Code     0  startup_stm32l476xx.o(.text)
    WWDG_IRQHandler                          0x08000305   Thumb Code     0  startup_stm32l476xx.o(.text)
    __user_initial_stackheap                 0x08000309   Thumb Code     0  startup_stm32l476xx.o(.text)
    sprintf                                  0x08000341   Thumb Code    38  sprintf.o(.text)
    __use_two_region_memory                  0x0800036d   Thumb Code     2  heapauxi.o(.text)
    __rt_heap_escrow$2region                 0x0800036f   Thumb Code     2  heapauxi.o(.text)
    __rt_heap_expand$2region                 0x08000371   Thumb Code     2  heapauxi.o(.text)
    _printf_pre_padding                      0x08000373   Thumb Code    44  _printf_pad.o(.text)
    _printf_post_padding                     0x0800039f   Thumb Code    34  _printf_pad.o(.text)
    _printf_truncate_signed                  0x080003c1   Thumb Code    18  _printf_truncate.o(.text)
    _printf_truncate_unsigned                0x080003d3   Thumb Code    18  _printf_truncate.o(.text)
    _printf_str                              0x080003e5   Thumb Code    82  _printf_str.o(.text)
    _printf_int_dec                          0x08000439   Thumb Code   104  _printf_dec.o(.text)
    _printf_charcount                        0x080004b1   Thumb Code    40  _printf_charcount.o(.text)
    _printf_char_common                      0x080004e3   Thumb Code    32  _printf_char_common.o(.text)
    _sputc                                   0x08000509   Thumb Code    10  _sputc.o(.text)
    _printf_wctomb                           0x08000515   Thumb Code   182  _printf_wctomb.o(.text)
    _printf_longlong_dec                     0x080005d9   Thumb Code   108  _printf_longlong_dec.o(.text)
    _printf_longlong_oct                     0x08000655   Thumb Code    68  _printf_oct_int_ll.o(.text)
    _printf_int_oct                          0x08000699   Thumb Code    24  _printf_oct_int_ll.o(.text)
    _printf_ll_oct                           0x080006b1   Thumb Code    12  _printf_oct_int_ll.o(.text)
    _printf_longlong_hex                     0x080006c5   Thumb Code    86  _printf_hex_int_ll_ptr.o(.text)
    _printf_int_hex                          0x0800071b   Thumb Code    28  _printf_hex_int_ll_ptr.o(.text)
    _printf_ll_hex                           0x08000737   Thumb Code    12  _printf_hex_int_ll_ptr.o(.text)
    _printf_hex_ptr                          0x08000743   Thumb Code    18  _printf_hex_int_ll_ptr.o(.text)
    __printf                                 0x08000759   Thumb Code   388  __printf_flags_ss_wp.o(.text)
    _ll_udiv10                               0x080008e7   Thumb Code   138  lludiv10.o(.text)
    _printf_int_common                       0x08000971   Thumb Code   178  _printf_intcommon.o(.text)
    _printf_fp_dec_real                      0x08000bd3   Thumb Code   620  _printf_fp_dec.o(.text)
    _printf_fp_hex_real                      0x08000e45   Thumb Code   756  _printf_fp_hex.o(.text)
    _printf_cs_common                        0x08001147   Thumb Code    20  _printf_char.o(.text)
    _printf_char                             0x0800115b   Thumb Code    16  _printf_char.o(.text)
    _printf_string                           0x0800116b   Thumb Code     8  _printf_char.o(.text)
    _printf_lcs_common                       0x08001173   Thumb Code    20  _printf_wchar.o(.text)
    _printf_wchar                            0x08001187   Thumb Code    16  _printf_wchar.o(.text)
    _printf_wstring                          0x08001197   Thumb Code     8  _printf_wchar.o(.text)
    _c16rtomb                                0x0800119f   Thumb Code    72  _c16rtomb.o(.text)
    _wcrtomb                                 0x0800119f   Thumb Code     0  _c16rtomb.o(.text)
    __user_setup_stackheap                   0x080011e7   Thumb Code    74  sys_stackheap_outer.o(.text)
    __rt_ctype_table                         0x08001231   Thumb Code    16  rt_ctype_table.o(.text)
    __rt_locale                              0x08001241   Thumb Code     8  rt_locale_intlibspace.o(.text)
    _printf_fp_infnan                        0x08001249   Thumb Code   112  _printf_fp_infnan.o(.text)
    _btod_etento                             0x080012c9   Thumb Code   224  bigflt0.o(.text)
    exit                                     0x080013ad   Thumb Code    18  exit.o(.text)
    __user_libspace                          0x080013c1   Thumb Code     8  libspace.o(.text)
    __user_perproc_libspace                  0x080013c1   Thumb Code     0  libspace.o(.text)
    __user_perthread_libspace                0x080013c1   Thumb Code     0  libspace.o(.text)
    strcmp                                   0x080013c9   Thumb Code   124  strcmpv7em.o(.text)
    _sys_exit                                0x08001445   Thumb Code     8  sys_exit.o(.text)
    __I$use$semihosting                      0x08001451   Thumb Code     0  use_no_semi.o(.text)
    __use_no_semihosting_swi                 0x08001451   Thumb Code     2  use_no_semi.o(.text)
    __semihosting_library_function           0x08001453   Thumb Code     0  indicate_semi.o(.text)
    ADC1_2_IRQHandler                        0x08001455   Thumb Code    52  sensor_adc_driver.o(.text.ADC1_2_IRQHandler)
    ADC1_Wakeup                              0x08001489   Thumb Code    48  sensor_adc_driver.o(.text.ADC1_Wakeup)
    ADC_Common_Configuration                 0x080014b9   Thumb Code    50  sensor_adc_driver.o(.text.ADC_Common_Configuration)
    ADC_Init                                 0x080014ed   Thumb Code   230  sensor_adc_driver.o(.text.ADC_Init)
    ADC_Pin_Init                             0x080015d5   Thumb Code    44  sensor_adc_driver.o(.text.ADC_Pin_Init)
    USART2_Init                              0x08001601   Thumb Code    36  usart2_driver.o(.text.USART2_Init)
    USART2_Pin_Init                          0x08001625   Thumb Code    60  usart2_driver.o(.text.USART2_Pin_Init)
    USART_Init                               0x08001661   Thumb Code   110  usart2_driver.o(.text.USART_Init)
    main                                     0x08001731   Thumb Code   242  main.o(.text.main)
    send_string_via_usart                    0x08001825   Thumb Code    60  main.o(.text.send_string_via_usart)
    _btod_d2e                                0x08001861   Thumb Code    62  btod.o(CL$$btod_d2e)
    _d2e_denorm_low                          0x0800189f   Thumb Code    70  btod.o(CL$$btod_d2e_denorm_low)
    _d2e_norm_op1                            0x080018e5   Thumb Code    96  btod.o(CL$$btod_d2e_norm_op1)
    __btod_div_common                        0x08001945   Thumb Code   696  btod.o(CL$$btod_div_common)
    _e2e                                     0x08001c7d   Thumb Code   220  btod.o(CL$$btod_e2e)
    _btod_ediv                               0x08001d59   Thumb Code    42  btod.o(CL$$btod_ediv)
    _btod_emul                               0x08001d83   Thumb Code    42  btod.o(CL$$btod_emul)
    __btod_mult_common                       0x08001dad   Thumb Code   580  btod.o(CL$$btod_mult_common)
    __ARM_fpclassify                         0x08001ff1   Thumb Code    40  fpclassify.o(i.__ARM_fpclassify)
    _is_digit                                0x08002019   Thumb Code    14  __printf_wp.o(i._is_digit)
    _get_lc_numeric                          0x08002029   Thumb Code    44  lc_numeric_c.o(locale$$code)
    _get_lc_ctype                            0x08002055   Thumb Code    44  lc_ctype_c.o(locale$$code)
    __aeabi_d2f                              0x08002081   Thumb Code     0  d2f.o(x$fpl$d2f)
    _d2f                                     0x08002081   Thumb Code    98  d2f.o(x$fpl$d2f)
    __aeabi_dadd                             0x080020e5   Thumb Code     0  daddsub_clz.o(x$fpl$dadd)
    _dadd                                    0x080020e5   Thumb Code   332  daddsub_clz.o(x$fpl$dadd)
    __aeabi_d2uiz                            0x08002235   Thumb Code     0  dfixu.o(x$fpl$dfixu)
    _dfixu                                   0x08002235   Thumb Code    90  dfixu.o(x$fpl$dfixu)
    __aeabi_dmul                             0x08002291   Thumb Code     0  dmul.o(x$fpl$dmul)
    _dmul                                    0x08002291   Thumb Code   332  dmul.o(x$fpl$dmul)
    __fpl_dnaninf                            0x080023e5   Thumb Code   156  dnaninf.o(x$fpl$dnaninf)
    __fpl_dretinf                            0x08002481   Thumb Code    12  dretinf.o(x$fpl$dretinf)
    __aeabi_dsub                             0x0800248d   Thumb Code     0  daddsub_clz.o(x$fpl$dsub)
    _dsub                                    0x0800248d   Thumb Code   472  daddsub_clz.o(x$fpl$dsub)
    __aeabi_f2d                              0x08002669   Thumb Code     0  f2d.o(x$fpl$f2d)
    _f2d                                     0x08002669   Thumb Code    86  f2d.o(x$fpl$f2d)
    __aeabi_ui2f                             0x080026c1   Thumb Code     0  fflt_clz.o(x$fpl$ffltu)
    _ffltu                                   0x080026c1   Thumb Code    38  fflt_clz.o(x$fpl$ffltu)
    __fpl_fnaninf                            0x080026e7   Thumb Code   140  fnaninf.o(x$fpl$fnaninf)
    __fpl_fretinf                            0x08002773   Thumb Code    10  fretinf.o(x$fpl$fretinf)
    _printf_fp_dec                           0x0800277d   Thumb Code     4  printf1.o(x$fpl$printf1)
    _printf_fp_hex                           0x08002781   Thumb Code     4  printf2.o(x$fpl$printf2)
    __I$use$fp                               0x08002784   Number         0  usenofp.o(x$fpl$usenofp)
    Region$$Table$$Base                      0x080028a8   Number         0  anon$$obj.o(Region$$Table)
    Region$$Table$$Limit                     0x080028b8   Number         0  anon$$obj.o(Region$$Table)
    __ctype                                  0x080028e1   Data           0  lc_ctype_c.o(locale$$data)
    Image$$ER_IROM1$$RO$$Limit               0x080029e4   Number         0  anon$$obj.o ABSOLUTE
    Image$$ER_IROM1$$RW$$Base                0x080029e4   Number         0  anon$$obj.o ABSOLUTE
    Image$$ER_IROM1$$RW$$Limit               0x080029e4   Number         0  anon$$obj.o ABSOLUTE
    Image$$ER_IROM1$$ZI$$Base                0x080029e4   Number         0  anon$$obj.o ABSOLUTE
    Image$$ER_IROM1$$ZI$$Limit               0x080029e4   Number         0  anon$$obj.o ABSOLUTE
    Load$$RW_IRAM1$$Base                     0x080029e4   Number         0  anon$$obj.o ABSOLUTE
    Image$$RW_IRAM1$$Base                    0x20000000   Number         0  anon$$obj.o ABSOLUTE
    Image$$RW_IRAM1$$Limit                   0x20000000   Number         0  anon$$obj.o ABSOLUTE
    Image$$RW_IRAM1$$RO$$Base                0x20000000   Number         0  anon$$obj.o ABSOLUTE
    Image$$RW_IRAM1$$RW$$Base                0x20000000   Number         0  anon$$obj.o ABSOLUTE
    Image$$RW_IRAM1$$RW$$Limit               0x20000000   Number         0  anon$$obj.o ABSOLUTE
    Image$$RW_IRAM1$$ZI$$Base                0x20000000   Number         0  anon$$obj.o ABSOLUTE
    __libspace_start                         0x20000000   Data          96  libspace.o(.bss)
    __temporary_stack_top$libspace           0x20000060   Data           0  libspace.o(.bss)
    adc_result                               0x20000060   Data           4  sensor_adc_driver.o(.bss.adc_result)
    tempC_buffer                             0x20000064   Data          10  main.o(.bss.tempC_buffer)
    temperature_C                            0x20000070   Data           4  main.o(.bss.temperature_C)
    voltage                                  0x20000074   Data           4  main.o(.bss.voltage)
    voltage_raw                              0x20000078   Data           4  main.o(.bss.voltage_raw)
    Image$$RW_IRAM1$$ZI$$Limit               0x20000680   Number         0  anon$$obj.o ABSOLUTE



==============================================================================

Memory Map of the image

  Image Entry point : 0x08000189

  Load Region LR_IROM1 (Base: 0x08000000, Size: 0x000029e4, Max: 0x00100000, ABSOLUTE)

    Execution Region ER_IROM1 (Exec base: 0x08000000, Load base: 0x08000000, Size: 0x000029e4, Max: 0x00100000, ABSOLUTE)

    Exec Addr    Load Addr    Size         Type   Attr      Idx    E Section Name        Object

    0x08000000   0x08000000   0x00000188   Data   RO           20    RESET               startup_stm32l476xx.o
    0x08000188   0x08000188   0x00000008   Code   RO           68  * !!!main             c_w.l(__main.o)
    0x08000190   0x08000190   0x00000034   Code   RO          435    !!!scatter          c_w.l(__scatter.o)
    0x080001c4   0x080001c4   0x0000001c   Code   RO          437    !!handler_zi        c_w.l(__scatter_zi.o)
    0x080001e0   0x080001e0   0x00000000   Code   RO          174    .ARM.Collect$$_printf_percent$$00000000  c_w.l(_printf_percent.o)
    0x080001e0   0x080001e0   0x00000006   Code   RO          163    .ARM.Collect$$_printf_percent$$00000001  c_w.l(_printf_n.o)
    0x080001e6   0x080001e6   0x00000006   Code   RO          165    .ARM.Collect$$_printf_percent$$00000002  c_w.l(_printf_p.o)
    0x080001ec   0x080001ec   0x00000006   Code   RO          170    .ARM.Collect$$_printf_percent$$00000003  c_w.l(_printf_f.o)
    0x080001f2   0x080001f2   0x00000006   Code   RO          171    .ARM.Collect$$_printf_percent$$00000004  c_w.l(_printf_e.o)
    0x080001f8   0x080001f8   0x00000006   Code   RO          172    .ARM.Collect$$_printf_percent$$00000005  c_w.l(_printf_g.o)
    0x080001fe   0x080001fe   0x00000006   Code   RO          173    .ARM.Collect$$_printf_percent$$00000006  c_w.l(_printf_a.o)
    0x08000204   0x08000204   0x0000000a   Code   RO          178    .ARM.Collect$$_printf_percent$$00000007  c_w.l(_printf_ll.o)
    0x0800020e   0x0800020e   0x00000006   Code   RO          167    .ARM.Collect$$_printf_percent$$00000008  c_w.l(_printf_i.o)
    0x08000214   0x08000214   0x00000006   Code   RO          168    .ARM.Collect$$_printf_percent$$00000009  c_w.l(_printf_d.o)
    0x0800021a   0x0800021a   0x00000006   Code   RO          169    .ARM.Collect$$_printf_percent$$0000000A  c_w.l(_printf_u.o)
    0x08000220   0x08000220   0x00000006   Code   RO          166    .ARM.Collect$$_printf_percent$$0000000B  c_w.l(_printf_o.o)
    0x08000226   0x08000226   0x00000006   Code   RO          164    .ARM.Collect$$_printf_percent$$0000000C  c_w.l(_printf_x.o)
    0x0800022c   0x0800022c   0x00000006   Code   RO          175    .ARM.Collect$$_printf_percent$$0000000D  c_w.l(_printf_lli.o)
    0x08000232   0x08000232   0x00000006   Code   RO          176    .ARM.Collect$$_printf_percent$$0000000E  c_w.l(_printf_lld.o)
    0x08000238   0x08000238   0x00000006   Code   RO          177    .ARM.Collect$$_printf_percent$$0000000F  c_w.l(_printf_llu.o)
    0x0800023e   0x0800023e   0x00000006   Code   RO          182    .ARM.Collect$$_printf_percent$$00000010  c_w.l(_printf_llo.o)
    0x08000244   0x08000244   0x00000006   Code   RO          183    .ARM.Collect$$_printf_percent$$00000011  c_w.l(_printf_llx.o)
    0x0800024a   0x0800024a   0x0000000a   Code   RO          179    .ARM.Collect$$_printf_percent$$00000012  c_w.l(_printf_l.o)
    0x08000254   0x08000254   0x00000006   Code   RO          161    .ARM.Collect$$_printf_percent$$00000013  c_w.l(_printf_c.o)
    0x0800025a   0x0800025a   0x00000006   Code   RO          162    .ARM.Collect$$_printf_percent$$00000014  c_w.l(_printf_s.o)
    0x08000260   0x08000260   0x00000006   Code   RO          180    .ARM.Collect$$_printf_percent$$00000015  c_w.l(_printf_lc.o)
    0x08000266   0x08000266   0x00000006   Code   RO          181    .ARM.Collect$$_printf_percent$$00000016  c_w.l(_printf_ls.o)
    0x0800026c   0x0800026c   0x00000004   Code   RO          233    .ARM.Collect$$_printf_percent$$00000017  c_w.l(_printf_percent_end.o)
    0x08000270   0x08000270   0x00000002   Code   RO          284    .ARM.Collect$$libinit$$00000000  c_w.l(libinit.o)
    0x08000272   0x08000272   0x00000000   Code   RO          302    .ARM.Collect$$libinit$$00000002  c_w.l(libinit2.o)
    0x08000272   0x08000272   0x00000000   Code   RO          304    .ARM.Collect$$libinit$$00000004  c_w.l(libinit2.o)
    0x08000272   0x08000272   0x00000000   Code   RO          306    .ARM.Collect$$libinit$$00000006  c_w.l(libinit2.o)
    0x08000272   0x08000272   0x00000000   Code   RO          309    .ARM.Collect$$libinit$$0000000C  c_w.l(libinit2.o)
    0x08000272   0x08000272   0x00000000   Code   RO          311    .ARM.Collect$$libinit$$0000000E  c_w.l(libinit2.o)
    0x08000272   0x08000272   0x00000000   Code   RO          313    .ARM.Collect$$libinit$$00000010  c_w.l(libinit2.o)
    0x08000272   0x08000272   0x00000006   Code   RO          314    .ARM.Collect$$libinit$$00000011  c_w.l(libinit2.o)
    0x08000278   0x08000278   0x00000000   Code   RO          316    .ARM.Collect$$libinit$$00000013  c_w.l(libinit2.o)
    0x08000278   0x08000278   0x0000000c   Code   RO          317    .ARM.Collect$$libinit$$00000014  c_w.l(libinit2.o)
    0x08000284   0x08000284   0x00000000   Code   RO          318    .ARM.Collect$$libinit$$00000015  c_w.l(libinit2.o)
    0x08000284   0x08000284   0x00000000   Code   RO          320    .ARM.Collect$$libinit$$00000017  c_w.l(libinit2.o)
    0x08000284   0x08000284   0x0000000a   Code   RO          321    .ARM.Collect$$libinit$$00000018  c_w.l(libinit2.o)
    0x0800028e   0x0800028e   0x00000000   Code   RO          322    .ARM.Collect$$libinit$$00000019  c_w.l(libinit2.o)
    0x0800028e   0x0800028e   0x00000000   Code   RO          324    .ARM.Collect$$libinit$$0000001B  c_w.l(libinit2.o)
    0x0800028e   0x0800028e   0x00000000   Code   RO          326    .ARM.Collect$$libinit$$0000001D  c_w.l(libinit2.o)
    0x0800028e   0x0800028e   0x00000000   Code   RO          328    .ARM.Collect$$libinit$$0000001F  c_w.l(libinit2.o)
    0x0800028e   0x0800028e   0x00000000   Code   RO          330    .ARM.Collect$$libinit$$00000021  c_w.l(libinit2.o)
    0x0800028e   0x0800028e   0x00000000   Code   RO          332    .ARM.Collect$$libinit$$00000023  c_w.l(libinit2.o)
    0x0800028e   0x0800028e   0x00000000   Code   RO          334    .ARM.Collect$$libinit$$00000025  c_w.l(libinit2.o)
    0x0800028e   0x0800028e   0x00000000   Code   RO          336    .ARM.Collect$$libinit$$00000027  c_w.l(libinit2.o)
    0x0800028e   0x0800028e   0x00000000   Code   RO          340    .ARM.Collect$$libinit$$0000002E  c_w.l(libinit2.o)
    0x0800028e   0x0800028e   0x00000000   Code   RO          342    .ARM.Collect$$libinit$$00000030  c_w.l(libinit2.o)
    0x0800028e   0x0800028e   0x00000000   Code   RO          344    .ARM.Collect$$libinit$$00000032  c_w.l(libinit2.o)
    0x0800028e   0x0800028e   0x00000000   Code   RO          346    .ARM.Collect$$libinit$$00000034  c_w.l(libinit2.o)
    0x0800028e   0x0800028e   0x00000002   Code   RO          347    .ARM.Collect$$libinit$$00000035  c_w.l(libinit2.o)
    0x08000290   0x08000290   0x00000002   Code   RO          371    .ARM.Collect$$libshutdown$$00000000  c_w.l(libshutdown.o)
    0x08000292   0x08000292   0x00000000   Code   RO          386    .ARM.Collect$$libshutdown$$00000002  c_w.l(libshutdown2.o)
    0x08000292   0x08000292   0x00000000   Code   RO          388    .ARM.Collect$$libshutdown$$00000004  c_w.l(libshutdown2.o)
    0x08000292   0x08000292   0x00000000   Code   RO          391    .ARM.Collect$$libshutdown$$00000007  c_w.l(libshutdown2.o)
    0x08000292   0x08000292   0x00000000   Code   RO          394    .ARM.Collect$$libshutdown$$0000000A  c_w.l(libshutdown2.o)
    0x08000292   0x08000292   0x00000000   Code   RO          396    .ARM.Collect$$libshutdown$$0000000C  c_w.l(libshutdown2.o)
    0x08000292   0x08000292   0x00000000   Code   RO          399    .ARM.Collect$$libshutdown$$0000000F  c_w.l(libshutdown2.o)
    0x08000292   0x08000292   0x00000002   Code   RO          400    .ARM.Collect$$libshutdown$$00000010  c_w.l(libshutdown2.o)
    0x08000294   0x08000294   0x00000000   Code   RO           92    .ARM.Collect$$rtentry$$00000000  c_w.l(__rtentry.o)
    0x08000294   0x08000294   0x00000000   Code   RO          202    .ARM.Collect$$rtentry$$00000002  c_w.l(__rtentry2.o)
    0x08000294   0x08000294   0x00000006   Code   RO          214    .ARM.Collect$$rtentry$$00000004  c_w.l(__rtentry4.o)
    0x0800029a   0x0800029a   0x00000000   Code   RO          204    .ARM.Collect$$rtentry$$00000009  c_w.l(__rtentry2.o)
    0x0800029a   0x0800029a   0x00000004   Code   RO          205    .ARM.Collect$$rtentry$$0000000A  c_w.l(__rtentry2.o)
    0x0800029e   0x0800029e   0x00000000   Code   RO          207    .ARM.Collect$$rtentry$$0000000C  c_w.l(__rtentry2.o)
    0x0800029e   0x0800029e   0x00000008   Code   RO          208    .ARM.Collect$$rtentry$$0000000D  c_w.l(__rtentry2.o)
    0x080002a6   0x080002a6   0x00000002   Code   RO          292    .ARM.Collect$$rtexit$$00000000  c_w.l(rtexit.o)
    0x080002a8   0x080002a8   0x00000000   Code   RO          349    .ARM.Collect$$rtexit$$00000002  c_w.l(rtexit2.o)
    0x080002a8   0x080002a8   0x00000004   Code   RO          350    .ARM.Collect$$rtexit$$00000003  c_w.l(rtexit2.o)
    0x080002ac   0x080002ac   0x00000006   Code   RO          351    .ARM.Collect$$rtexit$$00000004  c_w.l(rtexit2.o)
    0x080002b2   0x080002b2   0x00000002   PAD
    0x080002b4   0x080002b4   0x0000008c   Code   RO           21    .text               startup_stm32l476xx.o
    0x08000340   0x08000340   0x0000002c   Code   RO           64    .text               c_w.l(sprintf.o)
    0x0800036c   0x0800036c   0x00000006   Code   RO           66    .text               c_w.l(heapauxi.o)
    0x08000372   0x08000372   0x0000004e   Code   RO           95    .text               c_w.l(_printf_pad.o)
    0x080003c0   0x080003c0   0x00000024   Code   RO           97    .text               c_w.l(_printf_truncate.o)
    0x080003e4   0x080003e4   0x00000052   Code   RO           99    .text               c_w.l(_printf_str.o)
    0x08000436   0x08000436   0x00000002   PAD
    0x08000438   0x08000438   0x00000078   Code   RO          101    .text               c_w.l(_printf_dec.o)
    0x080004b0   0x080004b0   0x00000028   Code   RO          103    .text               c_w.l(_printf_charcount.o)
    0x080004d8   0x080004d8   0x00000030   Code   RO          105    .text               c_w.l(_printf_char_common.o)
    0x08000508   0x08000508   0x0000000a   Code   RO          107    .text               c_w.l(_sputc.o)
    0x08000512   0x08000512   0x00000002   PAD
    0x08000514   0x08000514   0x000000c2   Code   RO          109    .text               c_w.l(_printf_wctomb.o)
    0x080005d6   0x080005d6   0x00000002   PAD
    0x080005d8   0x080005d8   0x0000007c   Code   RO          112    .text               c_w.l(_printf_longlong_dec.o)
    0x08000654   0x08000654   0x00000070   Code   RO          118    .text               c_w.l(_printf_oct_int_ll.o)
    0x080006c4   0x080006c4   0x00000094   Code   RO          138    .text               c_w.l(_printf_hex_int_ll_ptr.o)
    0x08000758   0x08000758   0x0000018e   Code   RO          158    .text               c_w.l(__printf_flags_ss_wp.o)
    0x080008e6   0x080008e6   0x0000008a   Code   RO          216    .text               c_w.l(lludiv10.o)
    0x08000970   0x08000970   0x000000b2   Code   RO          218    .text               c_w.l(_printf_intcommon.o)
    0x08000a22   0x08000a22   0x00000422   Code   RO          220    .text               c_w.l(_printf_fp_dec.o)
    0x08000e44   0x08000e44   0x00000302   Code   RO          224    .text               c_w.l(_printf_fp_hex.o)
    0x08001146   0x08001146   0x0000002c   Code   RO          229    .text               c_w.l(_printf_char.o)
    0x08001172   0x08001172   0x0000002c   Code   RO          231    .text               c_w.l(_printf_wchar.o)
    0x0800119e   0x0800119e   0x00000048   Code   RO          234    .text               c_w.l(_c16rtomb.o)
    0x080011e6   0x080011e6   0x0000004a   Code   RO          236    .text               c_w.l(sys_stackheap_outer.o)
    0x08001230   0x08001230   0x00000010   Code   RO          238    .text               c_w.l(rt_ctype_table.o)
    0x08001240   0x08001240   0x00000008   Code   RO          243    .text               c_w.l(rt_locale_intlibspace.o)
    0x08001248   0x08001248   0x00000080   Code   RO          245    .text               c_w.l(_printf_fp_infnan.o)
    0x080012c8   0x080012c8   0x000000e4   Code   RO          247    .text               c_w.l(bigflt0.o)
    0x080013ac   0x080013ac   0x00000012   Code   RO          277    .text               c_w.l(exit.o)
    0x080013be   0x080013be   0x00000002   PAD
    0x080013c0   0x080013c0   0x00000008   Code   RO          289    .text               c_w.l(libspace.o)
    0x080013c8   0x080013c8   0x0000007c   Code   RO          299    .text               c_w.l(strcmpv7em.o)
    0x08001444   0x08001444   0x0000000c   Code   RO          361    .text               c_w.l(sys_exit.o)
    0x08001450   0x08001450   0x00000002   Code   RO          376    .text               c_w.l(use_no_semi.o)
    0x08001452   0x08001452   0x00000000   Code   RO          378    .text               c_w.l(indicate_semi.o)
    0x08001452   0x08001452   0x00000002   PAD
    0x08001454   0x08001454   0x00000034   Code   RO           38    .text.ADC1_2_IRQHandler  sensor_adc_driver.o
    0x08001488   0x08001488   0x00000030   Code   RO           28    .text.ADC1_Wakeup   sensor_adc_driver.o
    0x080014b8   0x080014b8   0x00000032   Code   RO           30    .text.ADC_Common_Configuration  sensor_adc_driver.o
    0x080014ea   0x080014ea   0x00000002   PAD
    0x080014ec   0x080014ec   0x000000e6   Code   RO           34    .text.ADC_Init      sensor_adc_driver.o
    0x080015d2   0x080015d2   0x00000002   PAD
    0x080015d4   0x080015d4   0x0000002c   Code   RO           32    .text.ADC_Pin_Init  sensor_adc_driver.o
    0x08001600   0x08001600   0x00000024   Code   RO           48    .text.USART2_Init   usart2_driver.o
    0x08001624   0x08001624   0x0000003c   Code   RO           50    .text.USART2_Pin_Init  usart2_driver.o
    0x08001660   0x08001660   0x0000006e   Code   RO           52    .text.USART_Init    usart2_driver.o
    0x080016ce   0x080016ce   0x00000002   PAD
    0x080016d0   0x080016d0   0x00000030   Code   RO           36    .text.__NVIC_EnableIRQ  sensor_adc_driver.o
    0x08001700   0x08001700   0x00000030   Code   RO           54    .text.__NVIC_EnableIRQ  usart2_driver.o
    0x08001730   0x08001730   0x000000f2   Code   RO            4    .text.main          main.o
    0x08001822   0x08001822   0x00000002   PAD
    0x08001824   0x08001824   0x0000003c   Code   RO            2    .text.send_string_via_usart  main.o
    0x08001860   0x08001860   0x0000003e   Code   RO          250    CL$$btod_d2e        c_w.l(btod.o)
    0x0800189e   0x0800189e   0x00000046   Code   RO          252    CL$$btod_d2e_denorm_low  c_w.l(btod.o)
    0x080018e4   0x080018e4   0x00000060   Code   RO          251    CL$$btod_d2e_norm_op1  c_w.l(btod.o)
    0x08001944   0x08001944   0x00000338   Code   RO          260    CL$$btod_div_common  c_w.l(btod.o)
    0x08001c7c   0x08001c7c   0x000000dc   Code   RO          257    CL$$btod_e2e        c_w.l(btod.o)
    0x08001d58   0x08001d58   0x0000002a   Code   RO          254    CL$$btod_ediv       c_w.l(btod.o)
    0x08001d82   0x08001d82   0x0000002a   Code   RO          253    CL$$btod_emul       c_w.l(btod.o)
    0x08001dac   0x08001dac   0x00000244   Code   RO          259    CL$$btod_mult_common  c_w.l(btod.o)
    0x08001ff0   0x08001ff0   0x00000028   Code   RO          287    i.__ARM_fpclassify  m_ws.l(fpclassify.o)
    0x08002018   0x08002018   0x0000000e   Code   RO          151    i._is_digit         c_w.l(__printf_wp.o)
    0x08002026   0x08002026   0x00000002   PAD
    0x08002028   0x08002028   0x0000002c   Code   RO          275    locale$$code        c_w.l(lc_numeric_c.o)
    0x08002054   0x08002054   0x0000002c   Code   RO          297    locale$$code        c_w.l(lc_ctype_c.o)
    0x08002080   0x08002080   0x00000062   Code   RO           70    x$fpl$d2f           fz_ws.l(d2f.o)
    0x080020e2   0x080020e2   0x00000002   PAD
    0x080020e4   0x080020e4   0x00000150   Code   RO           72    x$fpl$dadd          fz_ws.l(daddsub_clz.o)
    0x08002234   0x08002234   0x0000005a   Code   RO           78    x$fpl$dfixu         fz_ws.l(dfixu.o)
    0x0800228e   0x0800228e   0x00000002   PAD
    0x08002290   0x08002290   0x00000154   Code   RO           82    x$fpl$dmul          fz_ws.l(dmul.o)
    0x080023e4   0x080023e4   0x0000009c   Code   RO          184    x$fpl$dnaninf       fz_ws.l(dnaninf.o)
    0x08002480   0x08002480   0x0000000c   Code   RO          186    x$fpl$dretinf       fz_ws.l(dretinf.o)
    0x0800248c   0x0800248c   0x000001dc   Code   RO           74    x$fpl$dsub          fz_ws.l(daddsub_clz.o)
    0x08002668   0x08002668   0x00000056   Code   RO           84    x$fpl$f2d           fz_ws.l(f2d.o)
    0x080026be   0x080026be   0x00000002   PAD
    0x080026c0   0x080026c0   0x00000026   Code   RO           86    x$fpl$ffltu         fz_ws.l(fflt_clz.o)
    0x080026e6   0x080026e6   0x0000008c   Code   RO          188    x$fpl$fnaninf       fz_ws.l(fnaninf.o)
    0x08002772   0x08002772   0x0000000a   Code   RO          190    x$fpl$fretinf       fz_ws.l(fretinf.o)
    0x0800277c   0x0800277c   0x00000004   Code   RO          192    x$fpl$printf1       fz_ws.l(printf1.o)
    0x08002780   0x08002780   0x00000004   Code   RO          194    x$fpl$printf2       fz_ws.l(printf2.o)
    0x08002784   0x08002784   0x00000000   Code   RO          200    x$fpl$usenofp       fz_ws.l(usenofp.o)
    0x08002784   0x08002784   0x00000008   Data   RO          110    .constdata          c_w.l(_printf_wctomb.o)
    0x0800278c   0x0800278c   0x00000028   Data   RO          139    .constdata          c_w.l(_printf_hex_int_ll_ptr.o)
    0x080027b4   0x080027b4   0x00000011   Data   RO          159    .constdata          c_w.l(__printf_flags_ss_wp.o)
    0x080027c5   0x080027c5   0x00000026   Data   RO          225    .constdata          c_w.l(_printf_fp_hex.o)
    0x080027eb   0x080027eb   0x00000001   PAD
    0x080027ec   0x080027ec   0x00000094   Data   RO          248    .constdata          c_w.l(bigflt0.o)
    0x08002880   0x08002880   0x00000027   Data   RO            6    .rodata.str1.1      main.o
    0x080028a7   0x080028a7   0x00000001   PAD
    0x080028a8   0x080028a8   0x00000010   Data   RO          434    Region$$Table       anon$$obj.o
    0x080028b8   0x080028b8   0x0000001c   Data   RO          274    locale$$data        c_w.l(lc_numeric_c.o)
    0x080028d4   0x080028d4   0x00000110   Data   RO          296    locale$$data        c_w.l(lc_ctype_c.o)


    Execution Region RW_IRAM1 (Exec base: 0x20000000, Load base: 0x080029e4, Size: 0x00000680, Max: 0x00018000, ABSOLUTE)

    Exec Addr    Load Addr    Size         Type   Attr      Idx    E Section Name        Object

    0x20000000        -       0x00000060   Zero   RW          290    .bss                c_w.l(libspace.o)
    0x20000060        -       0x00000004   Zero   RW           40    .bss.adc_result     sensor_adc_driver.o
    0x20000064        -       0x0000000a   Zero   RW           10    .bss.tempC_buffer   main.o
    0x2000006e   0x080029e4   0x00000002   PAD
    0x20000070        -       0x00000004   Zero   RW            9    .bss.temperature_C  main.o
    0x20000074        -       0x00000004   Zero   RW            8    .bss.voltage        main.o
    0x20000078        -       0x00000004   Zero   RW            7    .bss.voltage_raw    main.o
    0x2000007c   0x080029e4   0x00000004   PAD
    0x20000080        -       0x00000200   Zero   RW           19    HEAP                startup_stm32l476xx.o
    0x20000280        -       0x00000400   Zero   RW           18    STACK               startup_stm32l476xx.o


==============================================================================

Image component sizes


      Code (inc. data)   RO Data    RW Data    ZI Data      Debug   Object Name

       302          0         39          0         22       2453   main.o
       472          0          0          0          4       5779   sensor_adc_driver.o
       140         48        392          0       1536        964   startup_stm32l476xx.o
       254          0          0          0          0       5052   usart2_driver.o

    ----------------------------------------------------------------------
      1176         48        448          0       1568      14248   Object Totals
         0          0         16          0          0          0   (incl. Generated)
         8          0          1          0          6          0   (incl. Padding)

    ----------------------------------------------------------------------

      Code (inc. data)   RO Data    RW Data    ZI Data      Debug   Library Member Name

         8          0          0          0          0         68   __main.o
       398          4         17          0          0         92   __printf_flags_ss_wp.o
        14          0          0          0          0         68   __printf_wp.o
         0          0          0          0          0          0   __rtentry.o
        12          0          0          0          0          0   __rtentry2.o
         6          0          0          0          0          0   __rtentry4.o
        52          8          0          0          0          0   __scatter.o
        28          0          0          0          0          0   __scatter_zi.o
        72          0          0          0          0         96   _c16rtomb.o
         6          0          0          0          0          0   _printf_a.o
         6          0          0          0          0          0   _printf_c.o
        44          0          0          0          0        108   _printf_char.o
        48          6          0          0          0         96   _printf_char_common.o
        40          0          0          0          0         68   _printf_charcount.o
         6          0          0          0          0          0   _printf_d.o
       120         16          0          0          0         92   _printf_dec.o
         6          0          0          0          0          0   _printf_e.o
         6          0          0          0          0          0   _printf_f.o
      1058          0          0          0          0        148   _printf_fp_dec.o
       770          8         38          0          0        100   _printf_fp_hex.o
       128         16          0          0          0         84   _printf_fp_infnan.o
         6          0          0          0          0          0   _printf_g.o
       148          4         40          0          0        160   _printf_hex_int_ll_ptr.o
         6          0          0          0          0          0   _printf_i.o
       178          0          0          0          0         88   _printf_intcommon.o
        10          0          0          0          0          0   _printf_l.o
         6          0          0          0          0          0   _printf_lc.o
        10          0          0          0          0          0   _printf_ll.o
         6          0          0          0          0          0   _printf_lld.o
         6          0          0          0          0          0   _printf_lli.o
         6          0          0          0          0          0   _printf_llo.o
         6          0          0          0          0          0   _printf_llu.o
         6          0          0          0          0          0   _printf_llx.o
       124         16          0          0          0         92   _printf_longlong_dec.o
         6          0          0          0          0          0   _printf_ls.o
         6          0          0          0          0          0   _printf_n.o
         6          0          0          0          0          0   _printf_o.o
       112          8          0          0          0        124   _printf_oct_int_ll.o
         6          0          0          0          0          0   _printf_p.o
        78          0          0          0          0        108   _printf_pad.o
         0          0          0          0          0          0   _printf_percent.o
         4          0          0          0          0          0   _printf_percent_end.o
         6          0          0          0          0          0   _printf_s.o
        82          0          0          0          0         80   _printf_str.o
        36          0          0          0          0         84   _printf_truncate.o
         6          0          0          0          0          0   _printf_u.o
        44          0          0          0          0        108   _printf_wchar.o
       194          6          8          0          0         92   _printf_wctomb.o
         6          0          0          0          0          0   _printf_x.o
        10          0          0          0          0         68   _sputc.o
       228          4        148          0          0         96   bigflt0.o
      1936        128          0          0          0        668   btod.o
        18          0          0          0          0         80   exit.o
         6          0          0          0          0        152   heapauxi.o
         0          0          0          0          0          0   indicate_semi.o
        44         10        272          0          0         76   lc_ctype_c.o
        44         10         28          0          0         76   lc_numeric_c.o
         2          0          0          0          0          0   libinit.o
        30          0          0          0          0          0   libinit2.o
         2          0          0          0          0          0   libshutdown.o
         2          0          0          0          0          0   libshutdown2.o
         8          4          0          0         96         68   libspace.o
       138          0          0          0          0         80   lludiv10.o
        16          4          0          0          0         76   rt_ctype_table.o
         8          4          0          0          0         68   rt_locale_intlibspace.o
         2          0          0          0          0          0   rtexit.o
        10          0          0          0          0          0   rtexit2.o
        44          6          0          0          0         84   sprintf.o
       124          0          0          0          0         88   strcmpv7em.o
        12          4          0          0          0         68   sys_exit.o
        74          0          0          0          0         80   sys_stackheap_outer.o
         2          0          0          0          0         68   use_no_semi.o
        98          4          0          0          0         92   d2f.o
       812         16          0          0          0        296   daddsub_clz.o
        90          4          0          0          0         92   dfixu.o
       340         12          0          0          0        104   dmul.o
       156          4          0          0          0         92   dnaninf.o
        12          0          0          0          0         68   dretinf.o
        86          4          0          0          0         84   f2d.o
        38          0          0          0          0         68   fflt_clz.o
       140          4          0          0          0         84   fnaninf.o
        10          0          0          0          0         68   fretinf.o
         4          0          0          0          0         68   printf1.o
         4          0          0          0          0         68   printf2.o
         0          0          0          0          0          0   usenofp.o
        40          0          0          0          0         68   fpclassify.o

    ----------------------------------------------------------------------
      8548        314        552          0         96       5104   Library Totals
        20          0          1          0          0          0   (incl. Padding)

    ----------------------------------------------------------------------

      Code (inc. data)   RO Data    RW Data    ZI Data      Debug   Library Name

      6698        266        551          0         96       3852   c_w.l
      1790         48          0          0          0       1184   fz_ws.l
        40          0          0          0          0         68   m_ws.l

    ----------------------------------------------------------------------
      8548        314        552          0         96       5104   Library Totals

    ----------------------------------------------------------------------

==============================================================================


      Code (inc. data)   RO Data    RW Data    ZI Data      Debug   

      9724        362       1000          0       1664      16536   Grand Totals
      9724        362       1000          0       1664      16536   ELF Image Totals
      9724        362       1000          0          0          0   ROM Totals

==============================================================================

    Total RO  Size (Code + RO Data)                10724 (  10.47kB)
    Total RW  Size (RW Data + ZI Data)              1664 (   1.62kB)
    Total ROM Size (Code + RO Data + RW Data)      10724 (  10.47kB)

==============================================================================

